Component: ARM Compiler 5.06 update 5 (build 528) Tool: armlink [4d35e2]

==============================================================================

Section Cross References

    startup_stm32l476xx.o(RESET) refers to startup_stm32l476xx.o(STACK) for __initial_sp
    startup_stm32l476xx.o(RESET) refers to startup_stm32l476xx.o(.text) for Reset_Handler
    startup_stm32l476xx.o(RESET) refers to stm32l4xx_it.o(i.NMI_Handler) for NMI_Handler
    startup_stm32l476xx.o(RESET) refers to stm32l4xx_it.o(i.HardFault_Handler) for HardFault_Handler
    startup_stm32l476xx.o(RESET) refers to stm32l4xx_it.o(i.DebugMon_Handler) for DebugMon_Handler
    startup_stm32l476xx.o(RESET) refers to stm32l4xx_it.o(i.SysTick_Handler) for SysTick_Handler
    startup_stm32l476xx.o(RESET) refers to stm32l4xx_it.o(i.EXTI2_IRQHandler) for EXTI2_IRQHandler
    startup_stm32l476xx.o(RESET) refers to stm32l4xx_it.o(i.TIM3_IRQHandler) for TIM3_IRQHandler
    startup_stm32l476xx.o(RESET) refers to stm32l4xx_it.o(i.OTG_FS_IRQHandler) for OTG_FS_IRQHandler
    startup_stm32l476xx.o(.text) refers to system_stm32l4xx.o(i.SystemInit) for SystemInit
    startup_stm32l476xx.o(.text) refers to entry.o(.ARM.Collect$$$$00000000) for __main
    usbd_core.o(i.USBD_DeInit) refers to usbd_conf.o(i.USBD_LL_Stop) for USBD_LL_Stop
    usbd_core.o(i.USBD_DeInit) refers to usbd_conf.o(i.USBD_LL_DeInit) for USBD_LL_DeInit
    usbd_core.o(i.USBD_Init) refers to usbd_conf.o(i.USBD_LL_Init) for USBD_LL_Init
    usbd_core.o(i.USBD_LL_DataInStage) refers to usbd_ioreq.o(i.USBD_CtlContinueSendData) for USBD_CtlContinueSendData
    usbd_core.o(i.USBD_LL_DataInStage) refers to usbd_conf.o(i.USBD_LL_PrepareReceive) for USBD_LL_PrepareReceive
    usbd_core.o(i.USBD_LL_DataInStage) refers to usbd_ioreq.o(i.USBD_CtlReceiveStatus) for USBD_CtlReceiveStatus
    usbd_core.o(i.USBD_LL_DataInStage) refers to usbd_core.o(i.USBD_RunTestMode) for USBD_RunTestMode
    usbd_core.o(i.USBD_LL_DataOutStage) refers to usbd_ioreq.o(i.USBD_CtlContinueRx) for USBD_CtlContinueRx
    usbd_core.o(i.USBD_LL_DataOutStage) refers to usbd_ioreq.o(i.USBD_CtlSendStatus) for USBD_CtlSendStatus
    usbd_core.o(i.USBD_LL_Reset) refers to usbd_conf.o(i.USBD_LL_OpenEP) for USBD_LL_OpenEP
    usbd_core.o(i.USBD_LL_SetupStage) refers to usbd_ctlreq.o(i.USBD_ParseSetupRequest) for USBD_ParseSetupRequest
    usbd_core.o(i.USBD_LL_SetupStage) refers to usbd_ctlreq.o(i.USBD_StdDevReq) for USBD_StdDevReq
    usbd_core.o(i.USBD_LL_SetupStage) refers to usbd_ctlreq.o(i.USBD_StdItfReq) for USBD_StdItfReq
    usbd_core.o(i.USBD_LL_SetupStage) refers to usbd_ctlreq.o(i.USBD_StdEPReq) for USBD_StdEPReq
    usbd_core.o(i.USBD_LL_SetupStage) refers to usbd_conf.o(i.USBD_LL_StallEP) for USBD_LL_StallEP
    usbd_core.o(i.USBD_Start) refers to usbd_conf.o(i.USBD_LL_Start) for USBD_LL_Start
    usbd_core.o(i.USBD_Stop) refers to usbd_conf.o(i.USBD_LL_Stop) for USBD_LL_Stop
    usbd_ctlreq.o(i.USBD_ClrFeature) refers to usbd_ioreq.o(i.USBD_CtlSendStatus) for USBD_CtlSendStatus
    usbd_ctlreq.o(i.USBD_ClrFeature) refers to usbd_ctlreq.o(i.USBD_CtlError) for USBD_CtlError
    usbd_ctlreq.o(i.USBD_CtlError) refers to usbd_conf.o(i.USBD_LL_StallEP) for USBD_LL_StallEP
    usbd_ctlreq.o(i.USBD_GetConfig) refers to usbd_ctlreq.o(i.USBD_CtlError) for USBD_CtlError
    usbd_ctlreq.o(i.USBD_GetConfig) refers to usbd_ioreq.o(i.USBD_CtlSendData) for USBD_CtlSendData
    usbd_ctlreq.o(i.USBD_GetDescriptor) refers to usbd_ctlreq.o(i.USBD_CtlError) for USBD_CtlError
    usbd_ctlreq.o(i.USBD_GetDescriptor) refers to usbd_ioreq.o(i.USBD_CtlSendData) for USBD_CtlSendData
    usbd_ctlreq.o(i.USBD_GetStatus) refers to usbd_ioreq.o(i.USBD_CtlSendData) for USBD_CtlSendData
    usbd_ctlreq.o(i.USBD_GetStatus) refers to usbd_ctlreq.o(i.USBD_CtlError) for USBD_CtlError
    usbd_ctlreq.o(i.USBD_GetString) refers to usbd_ctlreq.o(i.USBD_GetLen) for USBD_GetLen
    usbd_ctlreq.o(i.USBD_SetAddress) refers to usbd_ctlreq.o(i.USBD_CtlError) for USBD_CtlError
    usbd_ctlreq.o(i.USBD_SetAddress) refers to usbd_conf.o(i.USBD_LL_SetUSBAddress) for USBD_LL_SetUSBAddress
    usbd_ctlreq.o(i.USBD_SetAddress) refers to usbd_ioreq.o(i.USBD_CtlSendStatus) for USBD_CtlSendStatus
    usbd_ctlreq.o(i.USBD_SetConfig) refers to usbd_ctlreq.o(i.USBD_CtlError) for USBD_CtlError
    usbd_ctlreq.o(i.USBD_SetConfig) refers to usbd_core.o(i.USBD_SetClassConfig) for USBD_SetClassConfig
    usbd_ctlreq.o(i.USBD_SetConfig) refers to usbd_ioreq.o(i.USBD_CtlSendStatus) for USBD_CtlSendStatus
    usbd_ctlreq.o(i.USBD_SetConfig) refers to usbd_core.o(i.USBD_ClrClassConfig) for USBD_ClrClassConfig
    usbd_ctlreq.o(i.USBD_SetConfig) refers to usbd_ctlreq.o(.data) for cfgidx
    usbd_ctlreq.o(i.USBD_SetFeature) refers to usbd_ioreq.o(i.USBD_CtlSendStatus) for USBD_CtlSendStatus
    usbd_ctlreq.o(i.USBD_StdDevReq) refers to usbd_ctlreq.o(i.USBD_GetDescriptor) for USBD_GetDescriptor
[...]
    0x08009520   0x08009520   0x00000002   Code   RO         2754    i.HAL_TIM_IC_CaptureCallback  stm32l4xx_hal_tim.o
    0x08009522   0x08009522   0x00000196   Code   RO         2767    i.HAL_TIM_IRQHandler  stm32l4xx_hal_tim.o
    0x080096b8   0x080096b8   0x00000002   Code   RO         2770    i.HAL_TIM_OC_DelayElapsedCallback  stm32l4xx_hal_tim.o
    0x080096ba   0x080096ba   0x00000002   Code   RO         2797    i.HAL_TIM_PWM_PulseFinishedCallback  stm32l4xx_hal_tim.o
    0x080096bc   0x080096bc   0x00000074   Code   RO        11827    i.HAL_TIM_PeriodElapsedCallback  usbd_cdc_interface.o
    0x08009730   0x08009730   0x00000002   Code   RO         2808    i.HAL_TIM_TriggerCallback  stm32l4xx_hal_tim.o
    0x08009732   0x08009732   0x00000036   Code   RO         4247    i.HTS221_Activate   hts221_driver.o
    0x08009768   0x08009768   0x00000028   Code   RO         4484    i.HTS221_Check_WhoAmI  hts221_driver_hl.o
    0x08009790   0x08009790   0x00000036   Code   RO         4248    i.HTS221_DeActivate  hts221_driver.o
    0x080097c6   0x080097c6   0x00000032   Code   RO         4252    i.HTS221_Get_DataStatus  hts221_driver.o
    0x080097f8   0x080097f8   0x0000001c   Code   RO         4253    i.HTS221_Get_DeviceID  hts221_driver.o
    0x08009814   0x08009814   0x00000034   Code   RO         4485    i.HTS221_Get_Hum    hts221_driver_hl.o
    0x08009848   0x08009848   0x00000114   Code   RO         4256    i.HTS221_Get_Humidity  hts221_driver.o
    0x0800995c   0x0800995c   0x00000068   Code   RO         4486    i.HTS221_Get_ODR    hts221_driver_hl.o
    0x080099c4   0x080099c4   0x0000002c   Code   RO         4263    i.HTS221_Get_Odr    hts221_driver.o
    0x080099f0   0x080099f0   0x00000034   Code   RO         4487    i.HTS221_Get_Temp   hts221_driver_hl.o
    0x08009a24   0x08009a24   0x00000110   Code   RO         4266    i.HTS221_Get_Temperature  hts221_driver.o
    0x08009b34   0x08009b34   0x00000018   Code   RO         4488    i.HTS221_Get_WhoAmI  hts221_driver_hl.o
    0x08009b4c   0x08009b4c   0x0000000c   Code   RO         4489    i.HTS221_H_Check_WhoAmI  hts221_driver_hl.o
    0x08009b58   0x08009b58   0x0000002a   Code   RO         4490    i.HTS221_H_DeInit   hts221_driver_hl.o
    0x08009b82   0x08009b82   0x00000034   Code   RO         4491    i.HTS221_H_Get_DRDY_Status  hts221_driver_hl.o
    0x08009bb6   0x08009bb6   0x00000010   Code   RO         4492    i.HTS221_H_Get_Hum  hts221_driver_hl.o
    0x08009bc6   0x08009bc6   0x00000010   Code   RO         4493    i.HTS221_H_Get_ODR  hts221_driver_hl.o
    0x08009bd6   0x08009bd6   0x00000010   Code   RO         4494    i.HTS221_H_Get_WhoAmI  hts221_driver_hl.o
    0x08009be6   0x08009be6   0x0000002a   Code   RO         4495    i.HTS221_H_Init     hts221_driver_hl.o
    0x08009c10   0x08009c10   0x0000001c   Code   RO         4496    i.HTS221_H_Read_Reg  hts221_driver_hl.o
    0x08009c2c   0x08009c2c   0x00000032   Code   RO         4497    i.HTS221_H_Sensor_Disable  hts221_driver_hl.o
    0x08009c5e   0x08009c5e   0x00000034   Code   RO         4498    i.HTS221_H_Sensor_Enable  hts221_driver_hl.o
    0x08009c92   0x08009c92   0x00000010   Code   RO         4499    i.HTS221_H_Set_ODR  hts221_driver_hl.o
    0x08009ca2   0x08009ca2   0x0000001c   Code   RO         4500    i.HTS221_H_Set_ODR_Value  hts221_driver_hl.o
    0x08009cbe   0x08009cbe   0x0000001c   Code   RO         4501    i.HTS221_H_Write_Reg  hts221_driver_hl.o
    0x08009cda   0x08009cda   0x0000003c   Code   RO         4502    i.HTS221_Init       hts221_driver_hl.o
    0x08009d16   0x08009d16   0x00000024   Code   RO         4270    i.HTS221_ReadReg    hts221_driver.o
    0x08009d3a   0x08009d3a   0x0000001e   Code   RO         4503    i.HTS221_Read_Reg   hts221_driver_hl.o
    0x08009d58   0x08009d58   0x00000014   Code   RO         4504    i.HTS221_Sensor_Disable  hts221_driver_hl.o
    0x08009d6c   0x08009d6c   0x00000014   Code   RO         4505    i.HTS221_Sensor_Enable  hts221_driver_hl.o
    0x08009d80   0x08009d80   0x00000098   Code   RO         4274    i.HTS221_Set_BduMode  hts221_driver.o
    0x08009e18   0x08009e18   0x00000040   Code   RO         4506    i.HTS221_Set_ODR    hts221_driver_hl.o
    0x08009e58   0x08009e58   0x0000004a   Code   RO         4507    i.HTS221_Set_ODR_Value  hts221_driver_hl.o
    0x08009ea2   0x08009ea2   0x00000002   PAD
    0x08009ea4   0x08009ea4   0x0000009c   Code   RO         4280    i.HTS221_Set_Odr    hts221_driver.o
    0x08009f40   0x08009f40   0x0000000c   Code   RO         4508    i.HTS221_T_Check_WhoAmI  hts221_driver_hl.o
    0x08009f4c   0x08009f4c   0x0000002a   Code   RO         4509    i.HTS221_T_DeInit   hts221_driver_hl.o
    0x08009f76   0x08009f76   0x00000034   Code   RO         4510    i.HTS221_T_Get_DRDY_Status  hts221_driver_hl.o
    0x08009faa   0x08009faa   0x00000010   Code   RO         4511    i.HTS221_T_Get_ODR  hts221_driver_hl.o
    0x08009fba   0x08009fba   0x00000010   Code   RO         4512    i.HTS221_T_Get_Temp  hts221_driver_hl.o
    0x08009fca   0x08009fca   0x00000010   Code   RO         4513    i.HTS221_T_Get_WhoAmI  hts221_driver_hl.o
    0x08009fda   0x08009fda   0x0000002a   Code   RO         4514    i.HTS221_T_Init     hts221_driver_hl.o
    0x0800a004   0x0800a004   0x0000001c   Code   RO         4515    i.HTS221_T_Read_Reg  hts221_driver_hl.o
    0x0800a020   0x0800a020   0x00000032   Code   RO         4516    i.HTS221_T_Sensor_Disable  hts221_driver_hl.o
    0x0800a052   0x0800a052   0x00000034   Code   RO         4517    i.HTS221_T_Sensor_Enable  hts221_driver_hl.o
    0x0800a086   0x0800a086   0x00000010   Code   RO         4518    i.HTS221_T_Set_ODR  hts221_driver_hl.o
    0x0800a096   0x0800a096   0x0000001c   Code   RO         4519    i.HTS221_T_Set_ODR_Value  hts221_driver_hl.o
    0x0800a0b2   0x0800a0b2   0x0000001c   Code   RO         4520    i.HTS221_T_Write_Reg  hts221_driver_hl.o
    0x0800a0ce   0x0800a0ce   0x00000024   Code   RO         4283    i.HTS221_WriteReg   hts221_driver.o
    0x0800a0f2   0x0800a0f2   0x0000001c   Code   RO         4521    i.HTS221_Write_Reg  hts221_driver_hl.o
    0x0800a10e   0x0800a10e   0x00000002   PAD
    0x0800a110   0x0800a110   0x00000044   Code   RO         4284    i.HTS221_assert_failed  hts221_driver.o
    0x0800a154   0x0800a154   0x00000004   Code   RO        11759    i.HardFault_Handler  stm32l4xx_it.o
    0x0800a158   0x0800a158   0x000001d0   Code   RO        11514    i.Humidity_Sensor_Handler  datalog_application.o
    0x0800a328   0x0800a328   0x00000028   Code   RO          991    i.I2C_Flush_TXDR    stm32l4xx_hal_i2c.o
    0x0800a350   0x0800a350   0x0000008c   Code   RO          999    i.I2C_IsAcknowledgeFailed  stm32l4xx_hal_i2c.o
    0x0800a3dc   0x0800a3dc   0x0000008c   Code   RO         1002    i.I2C_RequestMemoryRead  stm32l4xx_hal_i2c.o
    0x0800a468   0x0800a468   0x0000008c   Code   RO         1003    i.I2C_RequestMemoryWrite  stm32l4xx_hal_i2c.o
    0x0800a4f4   0x0800a4f4   0x00000014   Code   RO         9735    i.I2C_SENSORTILE_Error  sensortile.o
    0x0800a508   0x0800a508   0x00000048   Code   RO         9736    i.I2C_SENSORTILE_Init  sensortile.o
    0x0800a550   0x0800a550   0x000000a8   Code   RO         9737    i.I2C_SENSORTILE_MspInit  sensortile.o
    0x0800a5f8   0x0800a5f8   0x0000004e   Code   RO         9738    i.I2C_SENSORTILE_ReadData  sensortile.o
    0x0800a646   0x0800a646   0x00000002   PAD
    0x0800a648   0x0800a648   0x0000004e   Code   RO         9739    i.I2C_SENSORTILE_WriteData  sensortile.o
    0x0800a696   0x0800a696   0x00000002   PAD
    0x0800a698   0x0800a698   0x00000030   Code   RO         1006    i.I2C_TransferConfig  stm32l4xx_hal_i2c.o
    0x0800a6c8   0x0800a6c8   0x00000056   Code   RO         1007    i.I2C_WaitOnFlagUntilTimeout  stm32l4xx_hal_i2c.o
    0x0800a71e   0x0800a71e   0x00000056   Code   RO         1009    i.I2C_WaitOnSTOPFlagUntilTimeout  stm32l4xx_hal_i2c.o
    0x0800a774   0x0800a774   0x0000005a   Code   RO         1010    i.I2C_WaitOnTXISFlagUntilTimeout  stm32l4xx_hal_i2c.o
    0x0800a7ce   0x0800a7ce   0x0000003e   Code   RO        12079    i.IntToUnicode      usbd_desc.o
    0x0800a80c   0x0800a80c   0x00000028   Code   RO         5098    i.LPS22HB_Check_WhoAmI  lps22hb_driver_hl.o
    0x0800a834   0x0800a834   0x00000028   Code   RO         5099    i.LPS22HB_FIFO_Get_Data  lps22hb_driver_hl.o
    0x0800a85c   0x0800a85c   0x0000001e   Code   RO         5100    i.LPS22HB_FIFO_Get_Empty_Status  lps22hb_driver_hl.o
    0x0800a87a   0x0800a87a   0x0000001e   Code   RO         5101    i.LPS22HB_FIFO_Get_Fth_Status  lps22hb_driver_hl.o
    0x0800a898   0x0800a898   0x0000001e   Code   RO         5102    i.LPS22HB_FIFO_Get_Full_Status  lps22hb_driver_hl.o
    0x0800a8b6   0x0800a8b6   0x0000001e   Code   RO         5103    i.LPS22HB_FIFO_Get_Mode  lps22hb_driver_hl.o
    0x0800a8d4   0x0800a8d4   0x0000001e   Code   RO         5104    i.LPS22HB_FIFO_Get_Num_Of_Samples  lps22hb_driver_hl.o
    0x0800a8f2   0x0800a8f2   0x0000001e   Code   RO         5105    i.LPS22HB_FIFO_Get_Ovr_Status  lps22hb_driver_hl.o
    0x0800a910   0x0800a910   0x00000018   Code   RO         5106    i.LPS22HB_FIFO_Get_Watermark_Level  lps22hb_driver_hl.o
    0x0800a928   0x0800a928   0x0000004c   Code   RO         5107    i.LPS22HB_FIFO_Reset_Interrupt  lps22hb_driver_hl.o
    0x0800a974   0x0800a974   0x0000004c   Code   RO         5108    i.LPS22HB_FIFO_Set_Interrupt  lps22hb_driver_hl.o
    0x0800a9c0   0x0800a9c0   0x00000046   Code   RO         5109    i.LPS22HB_FIFO_Set_Mode  lps22hb_driver_hl.o
    0x0800aa06   0x0800aa06   0x00000018   Code   RO         5110    i.LPS22HB_FIFO_Set_Watermark_Level  lps22hb_driver_hl.o
    0x0800aa1e   0x0800aa1e   0x0000002a   Code   RO         5111    i.LPS22HB_FIFO_Stop_On_Fth  lps22hb_driver_hl.o
    0x0800aa48   0x0800aa48   0x0000002a   Code   RO         5112    i.LPS22HB_FIFO_Usage  lps22hb_driver_hl.o
    0x0800aa72   0x0800aa72   0x0000002a   Code   RO         5113    i.LPS22HB_FIFO_Watermark_Usage  lps22hb_driver_hl.o
    0x0800aa9c   0x0800aa9c   0x00000044   Code   RO         4707    i.LPS22HB_Get_DataStatus  lps22hb_driver.o
    0x0800aae0   0x0800aae0   0x0000001c   Code   RO         4708    i.LPS22HB_Get_DeviceID  lps22hb_driver.o
    0x0800aafc   0x0800aafc   0x0000002c   Code   RO         4711    i.LPS22HB_Get_FifoMode  lps22hb_driver.o
    0x0800ab28   0x0800ab28   0x00000056   Code   RO         4712    i.LPS22HB_Get_FifoStatus  lps22hb_driver.o
    0x0800ab7e   0x0800ab7e   0x00000024   Code   RO         4713    i.LPS22HB_Get_FifoWatermarkLevel  lps22hb_driver.o
    0x0800aba2   0x0800aba2   0x00000002   PAD
    0x0800aba4   0x0800aba4   0x00000090   Code   RO         5114    i.LPS22HB_Get_ODR   lps22hb_driver_hl.o
    0x0800ac34   0x0800ac34   0x00000026   Code   RO         4719    i.LPS22HB_Get_Odr   lps22hb_driver.o
    0x0800ac5a   0x0800ac5a   0x00000002   PAD
    0x0800ac5c   0x0800ac5c   0x00000034   Code   RO         5115    i.LPS22HB_Get_Press  lps22hb_driver_hl.o
    0x0800ac90   0x0800ac90   0x0000002a   Code   RO         4721    i.LPS22HB_Get_Pressure  lps22hb_driver.o
    0x0800acba   0x0800acba   0x00000040   Code   RO         4724    i.LPS22HB_Get_RawPressure  lps22hb_driver.o
    0x0800acfa   0x0800acfa   0x0000002e   Code   RO         4725    i.LPS22HB_Get_RawTemperature  lps22hb_driver.o
    0x0800ad28   0x0800ad28   0x00000034   Code   RO         5116    i.LPS22HB_Get_Temp  lps22hb_driver_hl.o
    0x0800ad5c   0x0800ad5c   0x0000002c   Code   RO         4728    i.LPS22HB_Get_Temperature  lps22hb_driver.o
    0x0800ad88   0x0800ad88   0x00000018   Code   RO         5117    i.LPS22HB_Get_WhoAmI  lps22hb_driver_hl.o
    0x0800ada0   0x0800ada0   0x0000008a   Code   RO         5118    i.LPS22HB_Initialize  lps22hb_driver_hl.o
    0x0800ae2a   0x0800ae2a   0x0000000c   Code   RO         5119    i.LPS22HB_P_Check_WhoAmI  lps22hb_driver_hl.o
    0x0800ae36   0x0800ae36   0x00000024   Code   RO         5120    i.LPS22HB_P_DeInit  lps22hb_driver_hl.o
    0x0800ae5a   0x0800ae5a   0x0000001e   Code   RO         5121    i.LPS22HB_P_Get_DRDY_Status  lps22hb_driver_hl.o
    0x0800ae78   0x0800ae78   0x00000010   Code   RO         5122    i.LPS22HB_P_Get_ODR  lps22hb_driver_hl.o
    0x0800ae88   0x0800ae88   0x00000010   Code   RO         5123    i.LPS22HB_P_Get_Press  lps22hb_driver_hl.o
    0x0800ae98   0x0800ae98   0x00000010   Code   RO         5124    i.LPS22HB_P_Get_WhoAmI  lps22hb_driver_hl.o
    0x0800aea8   0x0800aea8   0x00000026   Code   RO         5125    i.LPS22HB_P_Init    lps22hb_driver_hl.o
    0x0800aece   0x0800aece   0x0000001c   Code   RO         5126    i.LPS22HB_P_Read_Reg  lps22hb_driver_hl.o
    0x0800aeea   0x0800aeea   0x0000002e   Code   RO         5127    i.LPS22HB_P_Sensor_Disable  lps22hb_driver_hl.o
    0x0800af18   0x0800af18   0x00000034   Code   RO         5128    i.LPS22HB_P_Sensor_Enable  lps22hb_driver_hl.o
    0x0800af4c   0x0800af4c   0x00000036   Code   RO         5129    i.LPS22HB_P_Set_ODR  lps22hb_driver_hl.o
    0x0800af82   0x0800af82   0x00000044   Code   RO         5130    i.LPS22HB_P_Set_ODR_Value  lps22hb_driver_hl.o
    0x0800afc6   0x0800afc6   0x0000001c   Code   RO         5131    i.LPS22HB_P_Write_Reg  lps22hb_driver_hl.o
    0x0800afe2   0x0800afe2   0x00000024   Code   RO         4733    i.LPS22HB_ReadReg   lps22hb_driver.o
    0x0800b006   0x0800b006   0x0000001e   Code   RO         5132    i.LPS22HB_Read_Reg  lps22hb_driver_hl.o
    0x0800b024   0x0800b024   0x00000044   Code   RO         4738    i.LPS22HB_Set_AutomaticIncrementRegAddress  lps22hb_driver.o
    0x0800b068   0x0800b068   0x00000040   Code   RO         4739    i.LPS22HB_Set_Bdu   lps22hb_driver.o
    0x0800b0a8   0x0800b0a8   0x00000044   Code   RO         4742    i.LPS22HB_Set_FIFO_FTH_Interrupt  lps22hb_driver.o
    0x0800b0ec   0x0800b0ec   0x00000044   Code   RO         4743    i.LPS22HB_Set_FIFO_FULL_Interrupt  lps22hb_driver.o
    0x0800b130   0x0800b130   0x00000044   Code   RO         4744    i.LPS22HB_Set_FIFO_OVR_Interrupt  lps22hb_driver.o
    0x0800b174   0x0800b174   0x00000040   Code   RO         4746    i.LPS22HB_Set_FifoMode  lps22hb_driver.o
    0x0800b1b4   0x0800b1b4   0x00000044   Code   RO         4747    i.LPS22HB_Set_FifoModeUse  lps22hb_driver.o
    0x0800b1f8   0x0800b1f8   0x00000040   Code   RO         4748    i.LPS22HB_Set_FifoWatermarkLevel  lps22hb_driver.o
    0x0800b238   0x0800b238   0x00000044   Code   RO         4749    i.LPS22HB_Set_FifoWatermarkLevelUse  lps22hb_driver.o
    0x0800b27c   0x0800b27c   0x00000046   Code   RO         4751    i.LPS22HB_Set_I2C   lps22hb_driver.o
    0x0800b2c2   0x0800b2c2   0x00000044   Code   RO         4757    i.LPS22HB_Set_LowPassFilter  lps22hb_driver.o
    0x0800b306   0x0800b306   0x00000040   Code   RO         4758    i.LPS22HB_Set_LowPassFilterCutoff  lps22hb_driver.o
    0x0800b346   0x0800b346   0x00000002   PAD
    0x0800b348   0x0800b348   0x00000068   Code   RO         5133    i.LPS22HB_Set_ODR_Value_When_Disabled  lps22hb_driver_hl.o
    0x0800b3b0   0x0800b3b0   0x00000084   Code   RO         5134    i.LPS22HB_Set_ODR_Value_When_Enabled  lps22hb_driver_hl.o
    0x0800b434   0x0800b434   0x00000054   Code   RO         5135    i.LPS22HB_Set_ODR_When_Disabled  lps22hb_driver_hl.o
    0x0800b488   0x0800b488   0x00000054   Code   RO         5136    i.LPS22HB_Set_ODR_When_Enabled  lps22hb_driver_hl.o
    0x0800b4dc   0x0800b4dc   0x00000040   Code   RO         4759    i.LPS22HB_Set_Odr   lps22hb_driver.o
    0x0800b51c   0x0800b51c   0x00000040   Code   RO         4762    i.LPS22HB_Set_PowerMode  lps22hb_driver.o
    0x0800b55c   0x0800b55c   0x00000036   Code   RO         4767    i.LPS22HB_SwResetAndMemoryBoot  lps22hb_driver.o
    0x0800b592   0x0800b592   0x0000000c   Code   RO         5137    i.LPS22HB_T_Check_WhoAmI  lps22hb_driver_hl.o
    0x0800b59e   0x0800b59e   0x00000024   Code   RO         5138    i.LPS22HB_T_DeInit  lps22hb_driver_hl.o
    0x0800b5c2   0x0800b5c2   0x0000001e   Code   RO         5139    i.LPS22HB_T_Get_DRDY_Status  lps22hb_driver_hl.o
    0x0800b5e0   0x0800b5e0   0x00000010   Code   RO         5140    i.LPS22HB_T_Get_ODR  lps22hb_driver_hl.o
    0x0800b5f0   0x0800b5f0   0x00000010   Code   RO         5141    i.LPS22HB_T_Get_Temp  lps22hb_driver_hl.o
    0x0800b600   0x0800b600   0x00000010   Code   RO         5142    i.LPS22HB_T_Get_WhoAmI  lps22hb_driver_hl.o
    0x0800b610   0x0800b610   0x00000026   Code   RO         5143    i.LPS22HB_T_Init    lps22hb_driver_hl.o
    0x0800b636   0x0800b636   0x0000001c   Code   RO         5144    i.LPS22HB_T_Read_Reg  lps22hb_driver_hl.o
    0x0800b652   0x0800b652   0x0000002e   Code   RO         5145    i.LPS22HB_T_Sensor_Disable  lps22hb_driver_hl.o
    0x0800b680   0x0800b680   0x00000034   Code   RO         5146    i.LPS22HB_T_Sensor_Enable  lps22hb_driver_hl.o
    0x0800b6b4   0x0800b6b4   0x00000036   Code   RO         5147    i.LPS22HB_T_Set_ODR  lps22hb_driver_hl.o
    0x0800b6ea   0x0800b6ea   0x00000044   Code   RO         5148    i.LPS22HB_T_Set_ODR_Value  lps22hb_driver_hl.o
    0x0800b72e   0x0800b72e   0x0000001c   Code   RO         5149    i.LPS22HB_T_Write_Reg  lps22hb_driver_hl.o
    0x0800b74a   0x0800b74a   0x00000024   Code   RO         4768    i.LPS22HB_WriteReg  lps22hb_driver.o
    0x0800b76e   0x0800b76e   0x0000001c   Code   RO         5150    i.LPS22HB_Write_Reg  lps22hb_driver_hl.o
    0x0800b78a   0x0800b78a   0x00000002   PAD
    0x0800b78c   0x0800b78c   0x0000015a   Code   RO         5378    i.LSM303AGR_ACC_Get_Acceleration  lsm303agr_acc_driver.o
    0x0800b8e6   0x0800b8e6   0x0000001c   Code   RO         5379    i.LSM303AGR_ACC_Get_Raw_Acceleration  lsm303agr_acc_driver.o
    0x0800b902   0x0800b902   0x00000024   Code   RO         5415    i.LSM303AGR_ACC_R_FullScale  lsm303agr_acc_driver.o
    0x0800b926   0x0800b926   0x00000024   Code   RO         5416    i.LSM303AGR_ACC_R_HiRes  lsm303agr_acc_driver.o
    0x0800b94a   0x0800b94a   0x00000024   Code   RO         5454    i.LSM303AGR_ACC_R_LOWPWR_EN  lsm303agr_acc_driver.o
    0x0800b96e   0x0800b96e   0x00000024   Code   RO         5458    i.LSM303AGR_ACC_R_ODR  lsm303agr_acc_driver.o
    0x0800b992   0x0800b992   0x00000024   Code   RO         5467    i.LSM303AGR_ACC_R_WHO_AM_I  lsm303agr_acc_driver.o
    0x0800b9b6   0x0800b9b6   0x00000024   Code   RO         5469    i.LSM303AGR_ACC_R_XDataAvail  lsm303agr_acc_driver.o
    0x0800b9da   0x0800b9da   0x00000024   Code   RO         5472    i.LSM303AGR_ACC_R_XEN  lsm303agr_acc_driver.o
    0x0800b9fe   0x0800b9fe   0x00000024   Code   RO         5479    i.LSM303AGR_ACC_R_YEN  lsm303agr_acc_driver.o
    0x0800ba22   0x0800ba22   0x00000024   Code   RO         5484    i.LSM303AGR_ACC_R_ZEN  lsm303agr_acc_driver.o
    0x0800ba46   0x0800ba46   0x00000024   Code   RO         5496    i.LSM303AGR_ACC_ReadReg  lsm303agr_acc_driver.o
    0x0800ba6a   0x0800ba6a   0x00000040   Code   RO         5500    i.LSM303AGR_ACC_W_BlockDataUpdate  lsm303agr_acc_driver.o
    0x0800baaa   0x0800baaa   0x00000040   Code   RO         5516    i.LSM303AGR_ACC_W_FifoMode  lsm303agr_acc_driver.o
    0x0800baea   0x0800baea   0x00000040   Code   RO         5518    i.LSM303AGR_ACC_W_FullScale  lsm303agr_acc_driver.o
    0x0800bb2a   0x0800bb2a   0x00000040   Code   RO         5547    i.LSM303AGR_ACC_W_ODR  lsm303agr_acc_driver.o
    0x0800bb6a   0x0800bb6a   0x00000040   Code   RO         5556    i.LSM303AGR_ACC_W_XEN  lsm303agr_acc_driver.o
    0x0800bbaa   0x0800bbaa   0x00000040   Code   RO         5559    i.LSM303AGR_ACC_W_YEN  lsm303agr_acc_driver.o
    0x0800bbea   0x0800bbea   0x00000040   Code   RO         5562    i.LSM303AGR_ACC_W_ZEN  lsm303agr_acc_driver.o
    0x0800bc2a   0x0800bc2a   0x00000024   Code   RO         5569    i.LSM303AGR_ACC_WriteReg  lsm303agr_acc_driver.o
    0x0800bc4e   0x0800bc4e   0x0000001c   Code   RO         6545    i.LSM303AGR_MAG_Get_Raw_Magnetic  lsm303agr_mag_driver.o
    0x0800bc6a   0x0800bc6a   0x00000024   Code   RO         6563    i.LSM303AGR_MAG_R_ODR  lsm303agr_mag_driver.o
    0x0800bc8e   0x0800bc8e   0x00000024   Code   RO         6577    i.LSM303AGR_MAG_R_WHO_AM_I  lsm303agr_mag_driver.o
    0x0800bcb2   0x0800bcb2   0x00000024   Code   RO         6587    i.LSM303AGR_MAG_R_ZYXDA  lsm303agr_mag_driver.o
    0x0800bcd6   0x0800bcd6   0x00000024   Code   RO         6589    i.LSM303AGR_MAG_ReadReg  lsm303agr_mag_driver.o
    0x0800bcfa   0x0800bcfa   0x00000040   Code   RO         6592    i.LSM303AGR_MAG_W_BDU  lsm303agr_mag_driver.o
    0x0800bd3a   0x0800bd3a   0x00000040   Code   RO         6594    i.LSM303AGR_MAG_W_I2C_DIS  lsm303agr_mag_driver.o
    0x0800bd7a   0x0800bd7a   0x00000040   Code   RO         6603    i.LSM303AGR_MAG_W_MD  lsm303agr_mag_driver.o
    0x0800bdba   0x0800bdba   0x00000040   Code   RO         6604    i.LSM303AGR_MAG_W_ODR  lsm303agr_mag_driver.o
    0x0800bdfa   0x0800bdfa   0x00000040   Code   RO         6614    i.LSM303AGR_MAG_W_ST  lsm303agr_mag_driver.o
    0x0800be3a   0x0800be3a   0x00000024   Code   RO         6618    i.LSM303AGR_MAG_WriteReg  lsm303agr_mag_driver.o
    0x0800be5e   0x0800be5e   0x00000028   Code   RO         9440    i.LSM303AGR_M_Check_WhoAmI  lsm303agr_mag_driver_hl.o
    0x0800be86   0x0800be86   0x00000030   Code   RO         9441    i.LSM303AGR_M_DeInit  lsm303agr_mag_driver_hl.o
    0x0800beb6   0x0800beb6   0x00000002   PAD
    0x0800beb8   0x0800beb8   0x00000088   Code   RO         9442    i.LSM303AGR_M_Get_Axes  lsm303agr_mag_driver_hl.o
    0x0800bf40   0x0800bf40   0x0000002a   Code   RO         9443    i.LSM303AGR_M_Get_AxesRaw  lsm303agr_mag_driver_hl.o
    0x0800bf6a   0x0800bf6a   0x0000002c   Code   RO         9444    i.LSM303AGR_M_Get_Axes_Raw  lsm303agr_mag_driver_hl.o
    0x0800bf96   0x0800bf96   0x00000034   Code   RO         9445    i.LSM303AGR_M_Get_DRDY_Status  lsm303agr_mag_driver_hl.o
    0x0800bfca   0x0800bfca   0x00000002   PAD
    0x0800bfcc   0x0800bfcc   0x00000014   Code   RO         9446    i.LSM303AGR_M_Get_FS  lsm303agr_mag_driver_hl.o
    0x0800bfe0   0x0800bfe0   0x0000006c   Code   RO         9447    i.LSM303AGR_M_Get_ODR  lsm303agr_mag_driver_hl.o
    0x0800c04c   0x0800c04c   0x0000000e   Code   RO         9448    i.LSM303AGR_M_Get_Sensitivity  lsm303agr_mag_driver_hl.o
    0x0800c05a   0x0800c05a   0x00000018   Code   RO         9449    i.LSM303AGR_M_Get_WhoAmI  lsm303agr_mag_driver_hl.o
    0x0800c072   0x0800c072   0x0000006a   Code   RO         9450    i.LSM303AGR_M_Init  lsm303agr_mag_driver_hl.o
    0x0800c0dc   0x0800c0dc   0x0000001e   Code   RO         9451    i.LSM303AGR_M_Read_Reg  lsm303agr_mag_driver_hl.o
    0x0800c0fa   0x0800c0fa   0x00000022   Code   RO         9452    i.LSM303AGR_M_Sensor_Disable  lsm303agr_mag_driver_hl.o
    0x0800c11c   0x0800c11c   0x00000024   Code   RO         9453    i.LSM303AGR_M_Sensor_Enable  lsm303agr_mag_driver_hl.o
    0x0800c140   0x0800c140   0x00000006   Code   RO         9454    i.LSM303AGR_M_Set_FS  lsm303agr_mag_driver_hl.o
    0x0800c146   0x0800c146   0x00000006   Code   RO         9455    i.LSM303AGR_M_Set_FS_Value  lsm303agr_mag_driver_hl.o
    0x0800c14c   0x0800c14c   0x00000040   Code   RO         9456    i.LSM303AGR_M_Set_ODR  lsm303agr_mag_driver_hl.o
    0x0800c18c   0x0800c18c   0x00000060   Code   RO         9457    i.LSM303AGR_M_Set_ODR_Value  lsm303agr_mag_driver_hl.o
    0x0800c1ec   0x0800c1ec   0x0000001c   Code   RO         9458    i.LSM303AGR_M_Write_Reg  lsm303agr_mag_driver_hl.o
    0x0800c208   0x0800c208   0x00000028   Code   RO         9285    i.LSM303AGR_X_Check_WhoAmI  lsm303agr_acc_driver_hl.o
    0x0800c230   0x0800c230   0x0000003c   Code   RO         9286    i.LSM303AGR_X_DeInit  lsm303agr_acc_driver_hl.o
    0x0800c26c   0x0800c26c   0x00000024   Code   RO         9287    i.LSM303AGR_X_Get_Axes  lsm303agr_acc_driver_hl.o
    0x0800c290   0x0800c290   0x0000002a   Code   RO         9288    i.LSM303AGR_X_Get_AxesRaw  lsm303agr_acc_driver_hl.o
    0x0800c2ba   0x0800c2ba   0x00000088   Code   RO         9289    i.LSM303AGR_X_Get_Axes_Raw  lsm303agr_acc_driver_hl.o
    0x0800c342   0x0800c342   0x00000062   Code   RO         9290    i.LSM303AGR_X_Get_Axes_Status  lsm303agr_acc_driver_hl.o
    0x0800c3a4   0x0800c3a4   0x00000032   Code   RO         9291    i.LSM303AGR_X_Get_DRDY_Status  lsm303agr_acc_driver_hl.o
    0x0800c3d6   0x0800c3d6   0x00000062   Code   RO         9292    i.LSM303AGR_X_Get_FS  lsm303agr_acc_driver_hl.o
    0x0800c438   0x0800c438   0x000000a8   Code   RO         9293    i.LSM303AGR_X_Get_ODR  lsm303agr_acc_driver_hl.o
    0x0800c4e0   0x0800c4e0   0x0000006c   Code   RO         9294    i.LSM303AGR_X_Get_Sensitivity  lsm303agr_acc_driver_hl.o
    0x0800c54c   0x0800c54c   0x00000074   Code   RO         9295    i.LSM303AGR_X_Get_Sensitivity_HR_Mode  lsm303agr_acc_driver_hl.o
    0x0800c5c0   0x0800c5c0   0x00000074   Code   RO         9296    i.LSM303AGR_X_Get_Sensitivity_LP_Mode  lsm303agr_acc_driver_hl.o
    0x0800c634   0x0800c634   0x00000074   Code   RO         9297    i.LSM303AGR_X_Get_Sensitivity_Normal_Mode  lsm303agr_acc_driver_hl.o
    0x0800c6a8   0x0800c6a8   0x00000018   Code   RO         9298    i.LSM303AGR_X_Get_WhoAmI  lsm303agr_acc_driver_hl.o
    0x0800c6c0   0x0800c6c0   0x0000007c   Code   RO         9299    i.LSM303AGR_X_Init  lsm303agr_acc_driver_hl.o
    0x0800c73c   0x0800c73c   0x0000001e   Code   RO         9300    i.LSM303AGR_X_Read_Reg  lsm303agr_acc_driver_hl.o
    0x0800c75a   0x0800c75a   0x00000034   Code   RO         9301    i.LSM303AGR_X_Sensor_Disable  lsm303agr_acc_driver_hl.o
    0x0800c78e   0x0800c78e   0x0000002e   Code   RO         9302    i.LSM303AGR_X_Sensor_Enable  lsm303agr_acc_driver_hl.o
    0x0800c7bc   0x0800c7bc   0x00000056   Code   RO         9303    i.LSM303AGR_X_Set_Axes_Status  lsm303agr_acc_driver_hl.o
    0x0800c812   0x0800c812   0x00000036   Code   RO         9304    i.LSM303AGR_X_Set_FS  lsm303agr_acc_driver_hl.o
    0x0800c848   0x0800c848   0x0000005c   Code   RO         9305    i.LSM303AGR_X_Set_FS_Value  lsm303agr_acc_driver_hl.o
    0x0800c8a4   0x0800c8a4   0x0000002c   Code   RO         9306    i.LSM303AGR_X_Set_ODR  lsm303agr_acc_driver_hl.o
    0x0800c8d0   0x0800c8d0   0x0000003a   Code   RO         9307    i.LSM303AGR_X_Set_ODR_Value  lsm303agr_acc_driver_hl.o
    0x0800c90a   0x0800c90a   0x00000002   PAD
    0x0800c90c   0x0800c90c   0x0000009c   Code   RO         9308    i.LSM303AGR_X_Set_ODR_Value_When_Disabled  lsm303agr_acc_driver_hl.o
    0x0800c9a8   0x0800c9a8   0x000000a0   Code   RO         9309    i.LSM303AGR_X_Set_ODR_Value_When_Enabled  lsm303agr_acc_driver_hl.o
    0x0800ca48   0x0800ca48   0x0000005c   Code   RO         9310    i.LSM303AGR_X_Set_ODR_When_Disabled  lsm303agr_acc_driver_hl.o
    0x0800caa4   0x0800caa4   0x00000040   Code   RO         9311    i.LSM303AGR_X_Set_ODR_When_Enabled  lsm303agr_acc_driver_hl.o
    0x0800cae4   0x0800cae4   0x0000001c   Code   RO         9312    i.LSM303AGR_X_Write_Reg  lsm303agr_acc_driver_hl.o
    0x0800cb00   0x0800cb00   0x00000044   Code   RO         7459    i.LSM6DSM_ACC_GYRO_GetRawAccData  lsm6dsm_acc_gyro_driver.o
    0x0800cb44   0x0800cb44   0x00000044   Code   RO         7460    i.LSM6DSM_ACC_GYRO_GetRawGyroData  lsm6dsm_acc_gyro_driver.o
    0x0800cb88   0x0800cb88   0x00000044   Code   RO         7462    i.LSM6DSM_ACC_GYRO_Get_GetStepCounter  lsm6dsm_acc_gyro_driver.o
    0x0800cbcc   0x0800cbcc   0x00000022   Code   RO         7474    i.LSM6DSM_ACC_GYRO_R_D6D_EV_STATUS  lsm6dsm_acc_gyro_driver.o
    0x0800cbee   0x0800cbee   0x00000022   Code   RO         7483    i.LSM6DSM_ACC_GYRO_R_DOUBLE_TAP_EV_STATUS  lsm6dsm_acc_gyro_driver.o
    0x0800cc10   0x0800cc10   0x00000022   Code   RO         7492    i.LSM6DSM_ACC_GYRO_R_DSD_XH  lsm6dsm_acc_gyro_driver.o
    0x0800cc32   0x0800cc32   0x00000022   Code   RO         7493    i.LSM6DSM_ACC_GYRO_R_DSD_XL  lsm6dsm_acc_gyro_driver.o
    0x0800cc54   0x0800cc54   0x00000022   Code   RO         7494    i.LSM6DSM_ACC_GYRO_R_DSD_YH  lsm6dsm_acc_gyro_driver.o
    0x0800cc76   0x0800cc76   0x00000022   Code   RO         7495    i.LSM6DSM_ACC_GYRO_R_DSD_YL  lsm6dsm_acc_gyro_driver.o
    0x0800cc98   0x0800cc98   0x00000022   Code   RO         7496    i.LSM6DSM_ACC_GYRO_R_DSD_ZH  lsm6dsm_acc_gyro_driver.o
    0x0800ccba   0x0800ccba   0x00000022   Code   RO         7497    i.LSM6DSM_ACC_GYRO_R_DSD_ZL  lsm6dsm_acc_gyro_driver.o
    0x0800ccdc   0x0800ccdc   0x00000022   Code   RO         7504    i.LSM6DSM_ACC_GYRO_R_FF_EV_STATUS  lsm6dsm_acc_gyro_driver.o
    0x0800ccfe   0x0800ccfe   0x00000022   Code   RO         7515    i.LSM6DSM_ACC_GYRO_R_FS_125  lsm6dsm_acc_gyro_driver.o
    0x0800cd20   0x0800cd20   0x00000022   Code   RO         7516    i.LSM6DSM_ACC_GYRO_R_FS_G  lsm6dsm_acc_gyro_driver.o
    0x0800cd42   0x0800cd42   0x00000022   Code   RO         7517    i.LSM6DSM_ACC_GYRO_R_FS_XL  lsm6dsm_acc_gyro_driver.o
    0x0800cd64   0x0800cd64   0x00000022   Code   RO         7521    i.LSM6DSM_ACC_GYRO_R_GDA  lsm6dsm_acc_gyro_driver.o
    0x0800cd86   0x0800cd86   0x00000022   Code   RO         7546    i.LSM6DSM_ACC_GYRO_R_ODR_G  lsm6dsm_acc_gyro_driver.o
    0x0800cda8   0x0800cda8   0x00000022   Code   RO         7547    i.LSM6DSM_ACC_GYRO_R_ODR_XL  lsm6dsm_acc_gyro_driver.o
    0x0800cdca   0x0800cdca   0x00000022   Code   RO         7553    i.LSM6DSM_ACC_GYRO_R_PEDO_EV_STATUS  lsm6dsm_acc_gyro_driver.o
    0x0800cdec   0x0800cdec   0x00000022   Code   RO         7565    i.LSM6DSM_ACC_GYRO_R_SINGLE_TAP_EV_STATUS  lsm6dsm_acc_gyro_driver.o
    0x0800ce0e   0x0800ce0e   0x00000022   Code   RO         7599    i.LSM6DSM_ACC_GYRO_R_TILT_EV_STATUS  lsm6dsm_acc_gyro_driver.o
    0x0800ce30   0x0800ce30   0x00000022   Code   RO         7611    i.LSM6DSM_ACC_GYRO_R_WHO_AM_I  lsm6dsm_acc_gyro_driver.o
    0x0800ce52   0x0800ce52   0x00000022   Code   RO         7615    i.LSM6DSM_ACC_GYRO_R_WU_EV_STATUS  lsm6dsm_acc_gyro_driver.o
    0x0800ce74   0x0800ce74   0x00000022   Code   RO         7617    i.LSM6DSM_ACC_GYRO_R_XLDA  lsm6dsm_acc_gyro_driver.o
    0x0800ce96   0x0800ce96   0x0000001e   Code   RO         7625    i.LSM6DSM_ACC_GYRO_ReadReg  lsm6dsm_acc_gyro_driver.o
    0x0800ceb4   0x0800ceb4   0x0000003e   Code   RO         7632    i.LSM6DSM_ACC_GYRO_W_6DEvOnInt2  lsm6dsm_acc_gyro_driver.o
    0x0800cef2   0x0800cef2   0x0000003e   Code   RO         7633    i.LSM6DSM_ACC_GYRO_W_BASIC_INT  lsm6dsm_acc_gyro_driver.o
    0x0800cf30   0x0800cf30   0x0000003e   Code   RO         7634    i.LSM6DSM_ACC_GYRO_W_BDU  lsm6dsm_acc_gyro_driver.o
    0x0800cf6e   0x0800cf6e   0x00000046   Code   RO         7659    i.LSM6DSM_ACC_GYRO_W_DUR  lsm6dsm_acc_gyro_driver.o
    0x0800cfb4   0x0800cfb4   0x0000003e   Code   RO         7660    i.LSM6DSM_ACC_GYRO_W_EmbeddedAccess  lsm6dsm_acc_gyro_driver.o
    0x0800cff2   0x0800cff2   0x0000003e   Code   RO         7663    i.LSM6DSM_ACC_GYRO_W_FFEvOnInt2  lsm6dsm_acc_gyro_driver.o
    0x0800d030   0x0800d030   0x00000088   Code   RO         7664    i.LSM6DSM_ACC_GYRO_W_FF_Duration  lsm6dsm_acc_gyro_driver.o
    0x0800d0b8   0x0800d0b8   0x0000003e   Code   RO         7665    i.LSM6DSM_ACC_GYRO_W_FF_THS  lsm6dsm_acc_gyro_driver.o
    0x0800d0f6   0x0800d0f6   0x0000003e   Code   RO         7666    i.LSM6DSM_ACC_GYRO_W_FIFO_MODE  lsm6dsm_acc_gyro_driver.o
    0x0800d134   0x0800d134   0x0000003e   Code   RO         7671    i.LSM6DSM_ACC_GYRO_W_FS_125  lsm6dsm_acc_gyro_driver.o
    0x0800d172   0x0800d172   0x0000003e   Code   RO         7672    i.LSM6DSM_ACC_GYRO_W_FS_G  lsm6dsm_acc_gyro_driver.o
    0x0800d1b0   0x0800d1b0   0x0000003e   Code   RO         7673    i.LSM6DSM_ACC_GYRO_W_FS_XL  lsm6dsm_acc_gyro_driver.o
    0x0800d1ee   0x0800d1ee   0x0000003e   Code   RO         7676    i.LSM6DSM_ACC_GYRO_W_FUNC_EN  lsm6dsm_acc_gyro_driver.o
    0x0800d22c   0x0800d22c   0x0000003e   Code   RO         7684    i.LSM6DSM_ACC_GYRO_W_I2C_DISABLE  lsm6dsm_acc_gyro_driver.o
    0x0800d26a   0x0800d26a   0x0000003e   Code   RO         7686    i.LSM6DSM_ACC_GYRO_W_IF_Addr_Incr  lsm6dsm_acc_gyro_driver.o
    0x0800d2a8   0x0800d2a8   0x0000003e   Code   RO         7700    i.LSM6DSM_ACC_GYRO_W_ODR_G  lsm6dsm_acc_gyro_driver.o
    0x0800d2e6   0x0800d2e6   0x0000003e   Code   RO         7701    i.LSM6DSM_ACC_GYRO_W_ODR_XL  lsm6dsm_acc_gyro_driver.o
    0x0800d324   0x0800d324   0x0000003e   Code   RO         7705    i.LSM6DSM_ACC_GYRO_W_PEDO  lsm6dsm_acc_gyro_driver.o
    0x0800d362   0x0800d362   0x0000003e   Code   RO         7708    i.LSM6DSM_ACC_GYRO_W_PedoStepReset  lsm6dsm_acc_gyro_driver.o
    0x0800d3a0   0x0800d3a0   0x0000005e   Code   RO         7709    i.LSM6DSM_ACC_GYRO_W_PedoThreshold  lsm6dsm_acc_gyro_driver.o
    0x0800d3fe   0x0800d3fe   0x00000046   Code   RO         7710    i.LSM6DSM_ACC_GYRO_W_QUIET_Duration  lsm6dsm_acc_gyro_driver.o
    0x0800d444   0x0800d444   0x00000044   Code   RO         7713    i.LSM6DSM_ACC_GYRO_W_SHOCK_Duration  lsm6dsm_acc_gyro_driver.o
    0x0800d488   0x0800d488   0x0000003e   Code   RO         7715    i.LSM6DSM_ACC_GYRO_W_SINGLE_DOUBLE_TAP_EV  lsm6dsm_acc_gyro_driver.o
    0x0800d4c6   0x0800d4c6   0x0000003e   Code   RO         7716    i.LSM6DSM_ACC_GYRO_W_SIXD_THS  lsm6dsm_acc_gyro_driver.o
    0x0800d504   0x0800d504   0x00000044   Code   RO         7717    i.LSM6DSM_ACC_GYRO_W_SLEEP_DUR  lsm6dsm_acc_gyro_driver.o
    0x0800d548   0x0800d548   0x0000003e   Code   RO         7722    i.LSM6DSM_ACC_GYRO_W_STEP_DELTA_on_INT2  lsm6dsm_acc_gyro_driver.o
    0x0800d586   0x0800d586   0x0000003e   Code   RO         7732    i.LSM6DSM_ACC_GYRO_W_SingleTapOnInt2  lsm6dsm_acc_gyro_driver.o
    0x0800d5c4   0x0800d5c4   0x00000044   Code   RO         7737    i.LSM6DSM_ACC_GYRO_W_TAP_THS  lsm6dsm_acc_gyro_driver.o
    0x0800d608   0x0800d608   0x0000003e   Code   RO         7738    i.LSM6DSM_ACC_GYRO_W_TAP_X_EN  lsm6dsm_acc_gyro_driver.o
    0x0800d646   0x0800d646   0x0000003e   Code   RO         7739    i.LSM6DSM_ACC_GYRO_W_TAP_Y_EN  lsm6dsm_acc_gyro_driver.o
    0x0800d684   0x0800d684   0x0000003e   Code   RO         7740    i.LSM6DSM_ACC_GYRO_W_TAP_Z_EN  lsm6dsm_acc_gyro_driver.o
    0x0800d6c2   0x0800d6c2   0x0000003e   Code   RO         7741    i.LSM6DSM_ACC_GYRO_W_TILT  lsm6dsm_acc_gyro_driver.o
    0x0800d700   0x0800d700   0x0000003e   Code   RO         7743    i.LSM6DSM_ACC_GYRO_W_TIMER_HR  lsm6dsm_acc_gyro_driver.o
    0x0800d73e   0x0800d73e   0x0000003e   Code   RO         7747    i.LSM6DSM_ACC_GYRO_W_TapEvOnInt2  lsm6dsm_acc_gyro_driver.o
    0x0800d77c   0x0800d77c   0x0000003e   Code   RO         7749    i.LSM6DSM_ACC_GYRO_W_TiltEvOnInt2  lsm6dsm_acc_gyro_driver.o
    0x0800d7ba   0x0800d7ba   0x00000046   Code   RO         7752    i.LSM6DSM_ACC_GYRO_W_WAKE_DUR  lsm6dsm_acc_gyro_driver.o
    0x0800d800   0x0800d800   0x00000044   Code   RO         7753    i.LSM6DSM_ACC_GYRO_W_WK_THS  lsm6dsm_acc_gyro_driver.o
    0x0800d844   0x0800d844   0x0000003e   Code   RO         7755    i.LSM6DSM_ACC_GYRO_W_WUEvOnInt2  lsm6dsm_acc_gyro_driver.o
    0x0800d882   0x0800d882   0x0000001c   Code   RO         7757    i.LSM6DSM_ACC_GYRO_WriteReg  lsm6dsm_acc_gyro_driver.o
    0x0800d89e   0x0800d89e   0x00000028   Code   RO         7013    i.LSM6DSM_Check_WhoAmI  lsm6dsm_acc_gyro_driver_hl.o
    0x0800d8c6   0x0800d8c6   0x0000000c   Code   RO         7014    i.LSM6DSM_G_Check_WhoAmI  lsm6dsm_acc_gyro_driver_hl.o
    0x0800d8d2   0x0800d8d2   0x00000002   PAD
    0x0800d8d4   0x0800d8d4   0x0000003c   Code   RO         7015    i.LSM6DSM_G_DeInit  lsm6dsm_acc_gyro_driver_hl.o
    0x0800d910   0x0800d910   0x00000088   Code   RO         7016    i.LSM6DSM_G_Get_Axes  lsm6dsm_acc_gyro_driver_hl.o
    0x0800d998   0x0800d998   0x0000002a   Code   RO         7017    i.LSM6DSM_G_Get_AxesRaw  lsm6dsm_acc_gyro_driver_hl.o
    0x0800d9c2   0x0800d9c2   0x0000004e   Code   RO         7018    i.LSM6DSM_G_Get_Axes_Raw  lsm6dsm_acc_gyro_driver_hl.o
    0x0800da10   0x0800da10   0x00000034   Code   RO         7019    i.LSM6DSM_G_Get_DRDY_Status  lsm6dsm_acc_gyro_driver_hl.o
    0x0800da44   0x0800da44   0x00000098   Code   RO         7020    i.LSM6DSM_G_Get_FS  lsm6dsm_acc_gyro_driver_hl.o
    0x0800dadc   0x0800dadc   0x000000dc   Code   RO         7021    i.LSM6DSM_G_Get_ODR  lsm6dsm_acc_gyro_driver_hl.o
    0x0800dbb8   0x0800dbb8   0x00000098   Code   RO         7022    i.LSM6DSM_G_Get_Sensitivity  lsm6dsm_acc_gyro_driver_hl.o
    0x0800dc50   0x0800dc50   0x00000010   Code   RO         7023    i.LSM6DSM_G_Get_WhoAmI  lsm6dsm_acc_gyro_driver_hl.o
    0x0800dc60   0x0800dc60   0x00000078   Code   RO         7024    i.LSM6DSM_G_Init    lsm6dsm_acc_gyro_driver_hl.o
    0x0800dcd8   0x0800dcd8   0x0000001c   Code   RO         7025    i.LSM6DSM_G_Read_Reg  lsm6dsm_acc_gyro_driver_hl.o
    0x0800dcf4   0x0800dcf4   0x00000034   Code   RO         7026    i.LSM6DSM_G_Sensor_Disable  lsm6dsm_acc_gyro_driver_hl.o
    0x0800dd28   0x0800dd28   0x0000002e   Code   RO         7027    i.LSM6DSM_G_Sensor_Enable  lsm6dsm_acc_gyro_driver_hl.o
    0x0800dd56   0x0800dd56   0x00000036   Code   RO         7028    i.LSM6DSM_G_Set_FS  lsm6dsm_acc_gyro_driver_hl.o
    0x0800dd8c   0x0800dd8c   0x00000098   Code   RO         7029    i.LSM6DSM_G_Set_FS_Value  lsm6dsm_acc_gyro_driver_hl.o
    0x0800de24   0x0800de24   0x0000002c   Code   RO         7030    i.LSM6DSM_G_Set_ODR  lsm6dsm_acc_gyro_driver_hl.o
    0x0800de50   0x0800de50   0x0000003a   Code   RO         7031    i.LSM6DSM_G_Set_ODR_Value  lsm6dsm_acc_gyro_driver_hl.o
    0x0800de8a   0x0800de8a   0x00000002   PAD
    0x0800de8c   0x0800de8c   0x000000e8   Code   RO         7032    i.LSM6DSM_G_Set_ODR_Value_When_Disabled  lsm6dsm_acc_gyro_driver_hl.o
    0x0800df74   0x0800df74   0x000000e4   Code   RO         7033    i.LSM6DSM_G_Set_ODR_Value_When_Enabled  lsm6dsm_acc_gyro_driver_hl.o
    0x0800e058   0x0800e058   0x0000005c   Code   RO         7034    i.LSM6DSM_G_Set_ODR_When_Disabled  lsm6dsm_acc_gyro_driver_hl.o
    0x0800e0b4   0x0800e0b4   0x00000040   Code   RO         7035    i.LSM6DSM_G_Set_ODR_When_Enabled  lsm6dsm_acc_gyro_driver_hl.o
    0x0800e0f4   0x0800e0f4   0x0000001c   Code   RO         7036    i.LSM6DSM_G_Write_Reg  lsm6dsm_acc_gyro_driver_hl.o
    0x0800e110   0x0800e110   0x00000018   Code   RO         7037    i.LSM6DSM_Get_WhoAmI  lsm6dsm_acc_gyro_driver_hl.o
    0x0800e128   0x0800e128   0x00000058   Code   RO         9740    i.LSM6DSM_Sensor_IO_ITConfig  sensortile.o
    0x0800e180   0x0800e180   0x0000000c   Code   RO         7038    i.LSM6DSM_X_Check_WhoAmI  lsm6dsm_acc_gyro_driver_hl.o
    0x0800e18c   0x0800e18c   0x00000090   Code   RO         7039    i.LSM6DSM_X_DeInit  lsm6dsm_acc_gyro_driver_hl.o
    0x0800e21c   0x0800e21c   0x00000032   Code   RO         7040    i.LSM6DSM_X_Disable_6D_Orientation  lsm6dsm_acc_gyro_driver_hl.o
    0x0800e24e   0x0800e24e   0x00000094   Code   RO         7041    i.LSM6DSM_X_Disable_Double_Tap_Detection  lsm6dsm_acc_gyro_driver_hl.o
    0x0800e2e2   0x0800e2e2   0x00000040   Code   RO         7042    i.LSM6DSM_X_Disable_Free_Fall_Detection  lsm6dsm_acc_gyro_driver_hl.o
    0x0800e322   0x0800e322   0x00000040   Code   RO         7043    i.LSM6DSM_X_Disable_Pedometer  lsm6dsm_acc_gyro_driver_hl.o
    0x0800e362   0x0800e362   0x00000078   Code   RO         7044    i.LSM6DSM_X_Disable_Single_Tap_Detection  lsm6dsm_acc_gyro_driver_hl.o
    0x0800e3da   0x0800e3da   0x00000016   Code   RO         7045    i.LSM6DSM_X_Disable_Step_Counter_Reset  lsm6dsm_acc_gyro_driver_hl.o
    0x0800e3f0   0x0800e3f0   0x00000032   Code   RO         7046    i.LSM6DSM_X_Disable_Tilt_Detection  lsm6dsm_acc_gyro_driver_hl.o
    0x0800e422   0x0800e422   0x00000040   Code   RO         7047    i.LSM6DSM_X_Disable_Wake_Up_Detection  lsm6dsm_acc_gyro_driver_hl.o
    0x0800e462   0x0800e462   0x00000002   PAD
    0x0800e464   0x0800e464   0x00000054   Code   RO         7048    i.LSM6DSM_X_Enable_6D_Orientation  lsm6dsm_acc_gyro_driver_hl.o
    0x0800e4b8   0x0800e4b8   0x000000b8   Code   RO         7049    i.LSM6DSM_X_Enable_Double_Tap_Detection  lsm6dsm_acc_gyro_driver_hl.o
    0x0800e570   0x0800e570   0x0000008c   Code   RO         7050    i.LSM6DSM_X_Enable_Free_Fall_Detection  lsm6dsm_acc_gyro_driver_hl.o
    0x0800e5fc   0x0800e5fc   0x0000005e   Code   RO         7051    i.LSM6DSM_X_Enable_Pedometer  lsm6dsm_acc_gyro_driver_hl.o
    0x0800e65a   0x0800e65a   0x00000002   PAD
    0x0800e65c   0x0800e65c   0x0000009c   Code   RO         7052    i.LSM6DSM_X_Enable_Single_Tap_Detection  lsm6dsm_acc_gyro_driver_hl.o
    0x0800e6f8   0x0800e6f8   0x00000016   Code   RO         7053    i.LSM6DSM_X_Enable_Step_Counter_Reset  lsm6dsm_acc_gyro_driver_hl.o
    0x0800e70e   0x0800e70e   0x00000050   Code   RO         7054    i.LSM6DSM_X_Enable_Tilt_Detection  lsm6dsm_acc_gyro_driver_hl.o
    0x0800e75e   0x0800e75e   0x00000002   PAD
    0x0800e760   0x0800e760   0x00000064   Code   RO         7055    i.LSM6DSM_X_Enable_Wake_Up_Detection  lsm6dsm_acc_gyro_driver_hl.o
    0x0800e7c4   0x0800e7c4   0x00000034   Code   RO         7056    i.LSM6DSM_X_Get_6D_Orientation_Status  lsm6dsm_acc_gyro_driver_hl.o
    0x0800e7f8   0x0800e7f8   0x00000034   Code   RO         7057    i.LSM6DSM_X_Get_6D_Orientation_XH  lsm6dsm_acc_gyro_driver_hl.o
    0x0800e82c   0x0800e82c   0x00000032   Code   RO         7058    i.LSM6DSM_X_Get_6D_Orientation_XL  lsm6dsm_acc_gyro_driver_hl.o
    0x0800e85e   0x0800e85e   0x00000034   Code   RO         7059    i.LSM6DSM_X_Get_6D_Orientation_YH  lsm6dsm_acc_gyro_driver_hl.o
    0x0800e892   0x0800e892   0x00000034   Code   RO         7060    i.LSM6DSM_X_Get_6D_Orientation_YL  lsm6dsm_acc_gyro_driver_hl.o
    0x0800e8c6   0x0800e8c6   0x00000034   Code   RO         7061    i.LSM6DSM_X_Get_6D_Orientation_ZH  lsm6dsm_acc_gyro_driver_hl.o
    0x0800e8fa   0x0800e8fa   0x00000034   Code   RO         7062    i.LSM6DSM_X_Get_6D_Orientation_ZL  lsm6dsm_acc_gyro_driver_hl.o
    0x0800e92e   0x0800e92e   0x00000002   PAD
    0x0800e930   0x0800e930   0x00000088   Code   RO         7063    i.LSM6DSM_X_Get_Axes  lsm6dsm_acc_gyro_driver_hl.o
    0x0800e9b8   0x0800e9b8   0x0000002a   Code   RO         7064    i.LSM6DSM_X_Get_AxesRaw  lsm6dsm_acc_gyro_driver_hl.o
    0x0800e9e2   0x0800e9e2   0x0000004e   Code   RO         7065    i.LSM6DSM_X_Get_Axes_Raw  lsm6dsm_acc_gyro_driver_hl.o
    0x0800ea30   0x0800ea30   0x00000032   Code   RO         7066    i.LSM6DSM_X_Get_DRDY_Status  lsm6dsm_acc_gyro_driver_hl.o
    0x0800ea62   0x0800ea62   0x00000034   Code   RO         7067    i.LSM6DSM_X_Get_Double_Tap_Detection_Status  lsm6dsm_acc_gyro_driver_hl.o
    0x0800ea96   0x0800ea96   0x00000062   Code   RO         7068    i.LSM6DSM_X_Get_FS  lsm6dsm_acc_gyro_driver_hl.o
    0x0800eaf8   0x0800eaf8   0x00000034   Code   RO         7069    i.LSM6DSM_X_Get_Free_Fall_Detection_Status  lsm6dsm_acc_gyro_driver_hl.o
    0x0800eb2c   0x0800eb2c   0x000000dc   Code   RO         7070    i.LSM6DSM_X_Get_ODR  lsm6dsm_acc_gyro_driver_hl.o
    0x0800ec08   0x0800ec08   0x00000034   Code   RO         7071    i.LSM6DSM_X_Get_Pedometer_Status  lsm6dsm_acc_gyro_driver_hl.o
    0x0800ec3c   0x0800ec3c   0x00000074   Code   RO         7072    i.LSM6DSM_X_Get_Sensitivity  lsm6dsm_acc_gyro_driver_hl.o
    0x0800ecb0   0x0800ecb0   0x00000034   Code   RO         7073    i.LSM6DSM_X_Get_Single_Tap_Detection_Status  lsm6dsm_acc_gyro_driver_hl.o
    0x0800ece4   0x0800ece4   0x00000018   Code   RO         7074    i.LSM6DSM_X_Get_Step_Count  lsm6dsm_acc_gyro_driver_hl.o
    0x0800ecfc   0x0800ecfc   0x00000034   Code   RO         7075    i.LSM6DSM_X_Get_Tilt_Detection_Status  lsm6dsm_acc_gyro_driver_hl.o
    0x0800ed30   0x0800ed30   0x00000034   Code   RO         7076    i.LSM6DSM_X_Get_Wake_Up_Detection_Status  lsm6dsm_acc_gyro_driver_hl.o
    0x0800ed64   0x0800ed64   0x00000010   Code   RO         7077    i.LSM6DSM_X_Get_WhoAmI  lsm6dsm_acc_gyro_driver_hl.o
    0x0800ed74   0x0800ed74   0x00000078   Code   RO         7078    i.LSM6DSM_X_Init    lsm6dsm_acc_gyro_driver_hl.o
    0x0800edec   0x0800edec   0x0000001c   Code   RO         7079    i.LSM6DSM_X_Read_Reg  lsm6dsm_acc_gyro_driver_hl.o
    0x0800ee08   0x0800ee08   0x00000034   Code   RO         7080    i.LSM6DSM_X_Sensor_Disable  lsm6dsm_acc_gyro_driver_hl.o
    0x0800ee3c   0x0800ee3c   0x0000002e   Code   RO         7081    i.LSM6DSM_X_Sensor_Enable  lsm6dsm_acc_gyro_driver_hl.o
    0x0800ee6a   0x0800ee6a   0x00000036   Code   RO         7082    i.LSM6DSM_X_Set_FS  lsm6dsm_acc_gyro_driver_hl.o
    0x0800eea0   0x0800eea0   0x0000005c   Code   RO         7083    i.LSM6DSM_X_Set_FS_Value  lsm6dsm_acc_gyro_driver_hl.o
    0x0800eefc   0x0800eefc   0x00000018   Code   RO         7084    i.LSM6DSM_X_Set_Free_Fall_Threshold  lsm6dsm_acc_gyro_driver_hl.o
    0x0800ef14   0x0800ef14   0x0000002c   Code   RO         7085    i.LSM6DSM_X_Set_ODR  lsm6dsm_acc_gyro_driver_hl.o
    0x0800ef40   0x0800ef40   0x0000003a   Code   RO         7086    i.LSM6DSM_X_Set_ODR_Value  lsm6dsm_acc_gyro_driver_hl.o
    0x0800ef7a   0x0800ef7a   0x00000002   PAD
    0x0800ef7c   0x0800ef7c   0x000000e8   Code   RO         7087    i.LSM6DSM_X_Set_ODR_Value_When_Disabled  lsm6dsm_acc_gyro_driver_hl.o
    0x0800f064   0x0800f064   0x000000e4   Code   RO         7088    i.LSM6DSM_X_Set_ODR_Value_When_Enabled  lsm6dsm_acc_gyro_driver_hl.o
    0x0800f148   0x0800f148   0x0000005c   Code   RO         7089    i.LSM6DSM_X_Set_ODR_When_Disabled  lsm6dsm_acc_gyro_driver_hl.o
    0x0800f1a4   0x0800f1a4   0x00000040   Code   RO         7090    i.LSM6DSM_X_Set_ODR_When_Enabled  lsm6dsm_acc_gyro_driver_hl.o
    0x0800f1e4   0x0800f1e4   0x00000018   Code   RO         7091    i.LSM6DSM_X_Set_Pedometer_Threshold  lsm6dsm_acc_gyro_driver_hl.o
    0x0800f1fc   0x0800f1fc   0x00000018   Code   RO         7092    i.LSM6DSM_X_Set_Tap_Duration_Time  lsm6dsm_acc_gyro_driver_hl.o
    0x0800f214   0x0800f214   0x00000018   Code   RO         7093    i.LSM6DSM_X_Set_Tap_Quiet_Time  lsm6dsm_acc_gyro_driver_hl.o
    0x0800f22c   0x0800f22c   0x00000018   Code   RO         7094    i.LSM6DSM_X_Set_Tap_Shock_Time  lsm6dsm_acc_gyro_driver_hl.o
    0x0800f244   0x0800f244   0x00000018   Code   RO         7095    i.LSM6DSM_X_Set_Tap_Threshold  lsm6dsm_acc_gyro_driver_hl.o
    0x0800f25c   0x0800f25c   0x00000018   Code   RO         7096    i.LSM6DSM_X_Set_Wake_Up_Threshold  lsm6dsm_acc_gyro_driver_hl.o
    0x0800f274   0x0800f274   0x0000001c   Code   RO         7097    i.LSM6DSM_X_Write_Reg  lsm6dsm_acc_gyro_driver_hl.o
    0x0800f290   0x0800f290   0x00000240   Code   RO        11515    i.Magneto_Sensor_Handler  datalog_application.o
    0x0800f4d0   0x0800f4d0   0x00000002   Code   RO        11760    i.NMI_Handler       stm32l4xx_it.o
    0x0800f4d2   0x0800f4d2   0x00000002   PAD
    0x0800f4d4   0x0800f4d4   0x00000010   Code   RO          665    i.NVIC_GetPriorityGrouping  stm32l4xx_hal_cortex.o
    0x0800f4e4   0x0800f4e4   0x00000028   Code   RO          666    i.NVIC_SetPriority  stm32l4xx_hal_cortex.o
    0x0800f50c   0x0800f50c   0x00000010   Code   RO        11761    i.OTG_FS_IRQHandler  stm32l4xx_it.o
    0x0800f51c   0x0800f51c   0x000000ba   Code   RO         3958    i.PCD_WriteEmptyTxFifo  stm32l4xx_hal_pcd.o
    0x0800f5d6   0x0800f5d6   0x00000002   PAD
    0x0800f5d8   0x0800f5d8   0x000001d4   Code   RO        11516    i.Pressure_Sensor_Handler  datalog_application.o
    0x0800f7ac   0x0800f7ac   0x000001ec   Code   RO         1899    i.RCCEx_PLLSAI1_Config  stm32l4xx_hal_rcc_ex.o
    0x0800f998   0x0800f998   0x000001ac   Code   RO         1900    i.RCCEx_PLLSAI2_Config  stm32l4xx_hal_rcc_ex.o
    0x0800fb44   0x0800fb44   0x000000a0   Code   RO         1793    i.RCC_SetFlashLatencyFromMSIRange  stm32l4xx_hal_rcc.o
    0x0800fbe4   0x0800fbe4   0x00000016   Code   RO         2034    i.RTC_Bcd2ToByte    stm32l4xx_hal_rtc.o
    0x0800fbfa   0x0800fbfa   0x0000001a   Code   RO         2035    i.RTC_ByteToBcd2    stm32l4xx_hal_rtc.o
    0x0800fc14   0x0800fc14   0x00000034   Code   RO        11647    i.RTC_Config        main.o
    0x0800fc48   0x0800fc48   0x0000003e   Code   RO         2036    i.RTC_EnterInitMode  stm32l4xx_hal_rtc.o
    0x0800fc86   0x0800fc86   0x00000002   PAD
    0x0800fc88   0x0800fc88   0x000000e8   Code   RO        11517    i.RTC_Handler       datalog_application.o
    0x0800fd70   0x0800fd70   0x00000058   Code   RO        11649    i.RTC_TimeStampConfig  main.o
    0x0800fdc8   0x0800fdc8   0x000000f0   Code   RO        11161    i.SD_GetCIDRegister  sensortile_sd.o
    0x0800feb8   0x0800feb8   0x000001f4   Code   RO        11162    i.SD_GetCSDRegister  sensortile_sd.o
    0x080100ac   0x080100ac   0x0000004c   Code   RO        11163    i.SD_GetDataResponse  sensortile_sd.o
    0x080100f8   0x080100f8   0x000000d8   Code   RO        11164    i.SD_GoIdleState    sensortile_sd.o
    0x080101d0   0x080101d0   0x00000028   Code   RO         9741    i.SD_IO_CS_DeInit   sensortile.o
    0x080101f8   0x080101f8   0x00000044   Code   RO         9742    i.SD_IO_CS_Init     sensortile.o
    0x0801023c   0x0801023c   0x0000002c   Code   RO         9743    i.SD_IO_Init        sensortile.o
    0x08010268   0x08010268   0x0000002c   Code   RO         9744    i.SD_IO_Init_LS     sensortile.o
    0x08010294   0x08010294   0x0000000e   Code   RO         9745    i.SD_IO_ReadByte    sensortile.o
    0x080102a2   0x080102a2   0x00000002   PAD
    0x080102a4   0x080102a4   0x00000014   Code   RO         9746    i.SD_IO_SPI_Error   sensortile.o
    0x080102b8   0x080102b8   0x0000005c   Code   RO         9747    i.SD_IO_SPI_Init    sensortile.o
    0x08010314   0x08010314   0x0000005c   Code   RO         9748    i.SD_IO_SPI_Init_LS  sensortile.o
    0x08010370   0x08010370   0x000000c0   Code   RO         9749    i.SD_IO_SPI_MspInit  sensortile.o
    0x08010430   0x08010430   0x00000034   Code   RO         9750    i.SD_IO_SPI_Read    sensortile.o
    0x08010464   0x08010464   0x00000024   Code   RO         9751    i.SD_IO_SPI_Write   sensortile.o
    0x08010488   0x08010488   0x00000020   Code   RO         9752    i.SD_IO_WaitResponse  sensortile.o
    0x080104a8   0x080104a8   0x0000000c   Code   RO         9753    i.SD_IO_WriteByte   sensortile.o
    0x080104b4   0x080104b4   0x00000068   Code   RO         9754    i.SD_IO_WriteCmd    sensortile.o
    0x0801051c   0x0801051c   0x00000070   Code   RO         9755    i.SD_IO_WriteCmd_wResp  sensortile.o
    0x0801058c   0x0801058c   0x00000018   Code   RO         9756    i.SD_IO_WriteDummy  sensortile.o
    0x080105a4   0x080105a4   0x0000002c   Code   RO        11165    i.SD_SendCmd        sensortile_sd.o
    0x080105d0   0x080105d0   0x00000014   Code   RO        11166    i.SD_SendCmd_wResp  sensortile_sd.o
    0x080105e4   0x080105e4   0x00000028   Code   RO        12712    i.SD_initialize     sd_diskio.o
    0x0801060c   0x0801060c   0x00000060   Code   RO        12713    i.SD_ioctl          sd_diskio.o
    0x0801066c   0x0801066c   0x0000002a   Code   RO        12714    i.SD_read           sd_diskio.o
    0x08010696   0x08010696   0x00000002   PAD
    0x08010698   0x08010698   0x00000028   Code   RO        12715    i.SD_status         sd_diskio.o
    0x080106c0   0x080106c0   0x0000002a   Code   RO        12716    i.SD_write          sd_diskio.o
    0x080106ea   0x080106ea   0x00000040   Code   RO         2438    i.SPI_EndRxTxTransaction  stm32l4xx_hal_spi.o
    0x0801072a   0x0801072a   0x00000048   Code   RO         9757    i.SPI_Read          sensortile.o
    0x08010772   0x08010772   0x0000007e   Code   RO         9758    i.SPI_Read_nBytes   sensortile.o
    0x080107f0   0x080107f0   0x000000b4   Code   RO         2445    i.SPI_WaitFifoStateUntilTimeout  stm32l4xx_hal_spi.o
    0x080108a4   0x080108a4   0x000000a2   Code   RO         2446    i.SPI_WaitFlagStateUntilTimeout  stm32l4xx_hal_spi.o
    0x08010946   0x08010946   0x00000030   Code   RO         9759    i.SPI_Write         sensortile.o
    0x08010976   0x08010976   0x00000030   Code   RO         9554    i.STC3115_CalcRamCRC8  stc3115_driver.o
    0x080109a6   0x080109a6   0x00000008   Code   RO         9555    i.STC3115_DeInit    stc3115_driver.o
    0x080109ae   0x080109ae   0x00000012   Code   RO         9556    i.STC3115_GetAlarmStatus  stc3115_driver.o
    0x080109c0   0x080109c0   0x0000000e   Code   RO         9557    i.STC3115_GetChargeValue  stc3115_driver.o
    0x080109ce   0x080109ce   0x0000000e   Code   RO         9558    i.STC3115_GetCurrent  stc3115_driver.o
    0x080109dc   0x080109dc   0x0000000e   Code   RO         9559    i.STC3115_GetOCV    stc3115_driver.o
    0x080109ea   0x080109ea   0x0000000e   Code   RO         9560    i.STC3115_GetPresence  stc3115_driver.o
    0x080109f8   0x080109f8   0x00000016   Code   RO         9561    i.STC3115_GetSOC    stc3115_driver.o
    0x08010a0e   0x08010a0e   0x0000000e   Code   RO         9562    i.STC3115_GetTemperature  stc3115_driver.o
    0x08010a1c   0x08010a1c   0x0000000e   Code   RO         9563    i.STC3115_GetVoltage  stc3115_driver.o
    0x08010a2a   0x08010a2a   0x0000001c   Code   RO         9564    i.STC3115_Get_WhoAmI  stc3115_driver.o
    0x08010a46   0x08010a46   0x00000002   PAD
    0x08010a48   0x08010a48   0x000001cc   Code   RO         9565    i.STC3115_Init      stc3115_driver.o
    0x08010c14   0x08010c14   0x0000003a   Code   RO         9566    i.STC3115_InitRamData  stc3115_driver.o
    0x08010c4e   0x08010c4e   0x00000030   Code   RO         9567    i.STC3115_Powerdown  stc3115_driver.o
    0x08010c7e   0x08010c7e   0x00000026   Code   RO         9568    i.STC3115_Read      stc3115_driver.o
    0x08010ca4   0x08010ca4   0x000000ec   Code   RO         9569    i.STC3115_ReadBatteryData  stc3115_driver.o
    0x08010d90   0x08010d90   0x0000001e   Code   RO         9570    i.STC3115_ReadRamData  stc3115_driver.o
    0x08010dae   0x08010dae   0x00000026   Code   RO         9571    i.STC3115_ReadWord  stc3115_driver.o
    0x08010dd4   0x08010dd4   0x00000038   Code   RO         9572    i.STC3115_Reset     stc3115_driver.o
    0x08010e0c   0x08010e0c   0x00000048   Code   RO         9573    i.STC3115_Restore   stc3115_driver.o
    0x08010e54   0x08010e54   0x000000d2   Code   RO         9574    i.STC3115_SetParam  stc3115_driver.o
    0x08010f26   0x08010f26   0x00000036   Code   RO         9575    i.STC3115_Startup   stc3115_driver.o
    0x08010f5c   0x08010f5c   0x00000040   Code   RO         9576    i.STC3115_Status    stc3115_driver.o
    0x08010f9c   0x08010f9c   0x00000038   Code   RO         9577    i.STC3115_Stop      stc3115_driver.o
    0x08010fd4   0x08010fd4   0x000001e8   Code   RO         9578    i.STC3115_Task      stc3115_driver.o
    0x080111bc   0x080111bc   0x0000001c   Code   RO         9579    i.STC3115_UpdateRamCRC  stc3115_driver.o
    0x080111d8   0x080111d8   0x00000026   Code   RO         9580    i.STC3115_Write     stc3115_driver.o
    0x080111fe   0x080111fe   0x0000001e   Code   RO         9581    i.STC3115_WriteRamData  stc3115_driver.o
    0x0801121c   0x0801121c   0x00000024   Code   RO         9582    i.STC3115_WriteWord  stc3115_driver.o
    0x08011240   0x08011240   0x00000014   Code   RO         9583    i.STC3115_conv      stc3115_driver.o
    0x08011254   0x08011254   0x00000010   Code   RO         9760    i.Sensor_IO_I2C_Init  sensortile.o
    0x08011264   0x08011264   0x00000020   Code   RO         9761    i.Sensor_IO_I2C_Read  sensortile.o
    0x08011284   0x08011284   0x00000020   Code   RO         9762    i.Sensor_IO_I2C_Write  sensortile.o
    0x080112a4   0x080112a4   0x00000064   Code   RO         9763    i.Sensor_IO_Read    sensortile.o
    0x08011308   0x08011308   0x00000058   Code   RO         9764    i.Sensor_IO_SPI_CS_Disable  sensortile.o
    0x08011360   0x08011360   0x0000005c   Code   RO         9765    i.Sensor_IO_SPI_CS_Enable  sensortile.o
    0x080113bc   0x080113bc   0x00000114   Code   RO         9766    i.Sensor_IO_SPI_CS_Init  sensortile.o
    0x080114d0   0x080114d0   0x00000118   Code   RO         9767    i.Sensor_IO_SPI_CS_Init_All  sensortile.o
    0x080115e8   0x080115e8   0x000000ec   Code   RO         9768    i.Sensor_IO_SPI_Init  sensortile.o
    0x080116d4   0x080116d4   0x00000084   Code   RO         9769    i.Sensor_IO_SPI_Read  sensortile.o
    0x08011758   0x08011758   0x00000040   Code   RO         9770    i.Sensor_IO_SPI_Write  sensortile.o
    0x08011798   0x08011798   0x00000064   Code   RO         9771    i.Sensor_IO_Write   sensortile.o
    0x080117fc   0x080117fc   0x00000008   Code   RO        11762    i.SysTick_Handler   stm32l4xx_it.o
    0x08011804   0x08011804   0x000000dc   Code   RO        11476    i.SystemClock_Config  cube_hal_l4.o
    0x080118e0   0x080118e0   0x00000054   Code   RO         4214    i.SystemInit        system_stm32l4xx.o
    0x08011934   0x08011934   0x00000010   Code   RO        11763    i.TIM3_IRQHandler   stm32l4xx_it.o
    0x08011944   0x08011944   0x000000c0   Code   RO         2809    i.TIM_Base_SetConfig  stm32l4xx_hal_tim.o
    0x08011a04   0x08011a04   0x00000034   Code   RO        11828    i.TIM_Config        usbd_cdc_interface.o
    0x08011a38   0x08011a38   0x000001d0   Code   RO        11518    i.Temperature_Sensor_Handler  datalog_application.o
    0x08011c08   0x08011c08   0x0000001a   Code   RO        11366    i.USBD_CDC_DataIn   usbd_cdc.o
    0x08011c22   0x08011c22   0x00000034   Code   RO        11367    i.USBD_CDC_DataOut  usbd_cdc.o
    0x08011c56   0x08011c56   0x00000040   Code   RO        11368    i.USBD_CDC_DeInit   usbd_cdc.o
    0x08011c96   0x08011c96   0x00000032   Code   RO        11369    i.USBD_CDC_EP0_RxReady  usbd_cdc.o
    0x08011cc8   0x08011cc8   0x00000010   Code   RO        11370    i.USBD_CDC_GetDeviceQualifierDescriptor  usbd_cdc.o
    0x08011cd8   0x08011cd8   0x00000010   Code   RO        11371    i.USBD_CDC_GetFSCfgDesc  usbd_cdc.o
    0x08011ce8   0x08011ce8   0x00000010   Code   RO        11372    i.USBD_CDC_GetHSCfgDesc  usbd_cdc.o
    0x08011cf8   0x08011cf8   0x00000010   Code   RO        11373    i.USBD_CDC_GetOtherSpeedCfgDesc  usbd_cdc.o
    0x08011d08   0x08011d08   0x000000a6   Code   RO        11374    i.USBD_CDC_Init     usbd_cdc.o
    0x08011dae   0x08011dae   0x0000000e   Code   RO        11376    i.USBD_CDC_RegisterInterface  usbd_cdc.o
    0x08011dbc   0x08011dbc   0x0000000e   Code   RO        11377    i.USBD_CDC_SetRxBuffer  usbd_cdc.o
    0x08011dca   0x08011dca   0x00000014   Code   RO        11378    i.USBD_CDC_SetTxBuffer  usbd_cdc.o
    0x08011dde   0x08011dde   0x00000002   PAD
    0x08011de0   0x08011de0   0x00000090   Code   RO        11379    i.USBD_CDC_Setup    usbd_cdc.o
    0x08011e70   0x08011e70   0x00000038   Code   RO        11380    i.USBD_CDC_TransmitPacket  usbd_cdc.o
    0x08011ea8   0x08011ea8   0x00000016   Code   RO           13    i.USBD_ClrClassConfig  usbd_core.o
    0x08011ebe   0x08011ebe   0x00000044   Code   RO          299    i.USBD_ClrFeature   usbd_ctlreq.o
    0x08011f02   0x08011f02   0x00000018   Code   RO          394    i.USBD_CtlContinueRx  usbd_ioreq.o
    0x08011f1a   0x08011f1a   0x00000018   Code   RO          395    i.USBD_CtlContinueSendData  usbd_ioreq.o
    0x08011f32   0x08011f32   0x00000018   Code   RO          300    i.USBD_CtlError     usbd_ctlreq.o
    0x08011f4a   0x08011f4a   0x00000028   Code   RO          396    i.USBD_CtlPrepareRx  usbd_ioreq.o
    0x08011f72   0x08011f72   0x0000001a   Code   RO          397    i.USBD_CtlReceiveStatus  usbd_ioreq.o
    0x08011f8c   0x08011f8c   0x00000022   Code   RO          398    i.USBD_CtlSendData  usbd_ioreq.o
    0x08011fae   0x08011fae   0x0000001a   Code   RO          399    i.USBD_CtlSendStatus  usbd_ioreq.o
    0x08011fc8   0x08011fc8   0x00000050   Code   RO          301    i.USBD_GetConfig    usbd_ctlreq.o
    0x08012018   0x08012018   0x00000148   Code   RO          302    i.USBD_GetDescriptor  usbd_ctlreq.o
    0x08012160   0x08012160   0x00000014   Code   RO          303    i.USBD_GetLen       usbd_ctlreq.o
    0x08012174   0x08012174   0x00000044   Code   RO          304    i.USBD_GetStatus    usbd_ctlreq.o
    0x080121b8   0x080121b8   0x00000052   Code   RO          305    i.USBD_GetString    usbd_ctlreq.o
    0x0801220a   0x0801220a   0x00000032   Code   RO           15    i.USBD_Init         usbd_core.o
    0x0801223c   0x0801223c   0x00000014   Code   RO        11902    i.USBD_LL_ClearStallEP  usbd_conf.o
    0x08012250   0x08012250   0x00000014   Code   RO        11903    i.USBD_LL_CloseEP   usbd_conf.o
    0x08012264   0x08012264   0x000000da   Code   RO           16    i.USBD_LL_DataInStage  usbd_core.o
    0x0801233e   0x0801233e   0x00000086   Code   RO           17    i.USBD_LL_DataOutStage  usbd_core.o
    0x080123c4   0x080123c4   0x00000006   Code   RO           18    i.USBD_LL_DevConnected  usbd_core.o
    0x080123ca   0x080123ca   0x0000001a   Code   RO           19    i.USBD_LL_DevDisconnected  usbd_core.o
    0x080123e4   0x080123e4   0x00000012   Code   RO        11907    i.USBD_LL_GetRxDataSize  usbd_conf.o
    0x080123f6   0x080123f6   0x00000002   PAD
    0x080123f8   0x080123f8   0x00000064   Code   RO        11908    i.USBD_LL_Init      usbd_conf.o
    0x0801245c   0x0801245c   0x00000038   Code   RO        11909    i.USBD_LL_IsStallEP  usbd_conf.o
    0x08012494   0x08012494   0x00000006   Code   RO           20    i.USBD_LL_IsoINIncomplete  usbd_core.o
    0x0801249a   0x0801249a   0x00000006   Code   RO           21    i.USBD_LL_IsoOUTIncomplete  usbd_core.o
    0x080124a0   0x080124a0   0x00000020   Code   RO        11910    i.USBD_LL_OpenEP    usbd_conf.o
    0x080124c0   0x080124c0   0x00000020   Code   RO        11911    i.USBD_LL_PrepareReceive  usbd_conf.o
    0x080124e0   0x080124e0   0x00000044   Code   RO           22    i.USBD_LL_Reset     usbd_core.o
    0x08012524   0x08012524   0x0000000e   Code   RO           23    i.USBD_LL_Resume    usbd_core.o
    0x08012532   0x08012532   0x00000022   Code   RO           24    i.USBD_LL_SOF       usbd_core.o
    0x08012554   0x08012554   0x00000008   Code   RO           25    i.USBD_LL_SetSpeed  usbd_core.o
    0x0801255c   0x0801255c   0x00000014   Code   RO        11912    i.USBD_LL_SetUSBAddress  usbd_conf.o
    0x08012570   0x08012570   0x0000006e   Code   RO           26    i.USBD_LL_SetupStage  usbd_core.o
    0x080125de   0x080125de   0x00000014   Code   RO        11913    i.USBD_LL_StallEP   usbd_conf.o
    0x080125f2   0x080125f2   0x00000010   Code   RO        11914    i.USBD_LL_Start     usbd_conf.o
    0x08012602   0x08012602   0x00000014   Code   RO           27    i.USBD_LL_Suspend   usbd_core.o
    0x08012616   0x08012616   0x00000020   Code   RO        11916    i.USBD_LL_Transmit  usbd_conf.o
    0x08012636   0x08012636   0x00000028   Code   RO          306    i.USBD_ParseSetupRequest  usbd_ctlreq.o
    0x0801265e   0x0801265e   0x00000010   Code   RO           28    i.USBD_RegisterClass  usbd_core.o
    0x0801266e   0x0801266e   0x00000006   Code   RO           29    i.USBD_RunTestMode  usbd_core.o
    0x08012674   0x08012674   0x00000054   Code   RO          307    i.USBD_SetAddress   usbd_ctlreq.o
    0x080126c8   0x080126c8   0x00000022   Code   RO           30    i.USBD_SetClassConfig  usbd_core.o
    0x080126ea   0x080126ea   0x00000002   PAD
    0x080126ec   0x080126ec   0x000000e0   Code   RO          308    i.USBD_SetConfig    usbd_ctlreq.o
    0x080127cc   0x080127cc   0x00000024   Code   RO          309    i.USBD_SetFeature   usbd_ctlreq.o
    0x080127f0   0x080127f0   0x0000000e   Code   RO           31    i.USBD_Start        usbd_core.o
    0x080127fe   0x080127fe   0x00000072   Code   RO          310    i.USBD_StdDevReq    usbd_ctlreq.o
    0x08012870   0x08012870   0x00000156   Code   RO          311    i.USBD_StdEPReq     usbd_ctlreq.o
    0x080129c6   0x080129c6   0x0000004a   Code   RO          312    i.USBD_StdItfReq    usbd_ctlreq.o
    0x08012a10   0x08012a10   0x00000024   Code   RO        12080    i.USBD_VCP_ConfigStrDescriptor  usbd_desc.o
    0x08012a34   0x08012a34   0x00000010   Code   RO        12081    i.USBD_VCP_DeviceDescriptor  usbd_desc.o
    0x08012a44   0x08012a44   0x00000028   Code   RO        12082    i.USBD_VCP_InterfaceStrDescriptor  usbd_desc.o
    0x08012a6c   0x08012a6c   0x00000010   Code   RO        12083    i.USBD_VCP_LangIDStrDescriptor  usbd_desc.o
    0x08012a7c   0x08012a7c   0x0000002c   Code   RO        12084    i.USBD_VCP_ManufacturerStrDescriptor  usbd_desc.o
    0x08012aa8   0x08012aa8   0x0000003c   Code   RO        12085    i.USBD_VCP_ProductStrDescriptor  usbd_desc.o
    0x08012ae4   0x08012ae4   0x00000018   Code   RO        12086    i.USBD_VCP_SerialStrDescriptor  usbd_desc.o
    0x08012afc   0x08012afc   0x000000c4   Code   RO         3627    i.USB_ActivateEndpoint  stm32l4xx_ll_usb.o
    0x08012bc0   0x08012bc0   0x00000044   Code   RO         3629    i.USB_ActivateSetup  stm32l4xx_ll_usb.o
    0x08012c04   0x08012c04   0x0000001c   Code   RO         3631    i.USB_CoreInit      stm32l4xx_ll_usb.o
    0x08012c20   0x08012c20   0x0000004c   Code   RO         3632    i.USB_CoreReset     stm32l4xx_ll_usb.o
    0x08012c6c   0x08012c6c   0x000000a8   Code   RO         3635    i.USB_DeactivateEndpoint  stm32l4xx_ll_usb.o
    0x08012d14   0x08012d14   0x0000001e   Code   RO         3636    i.USB_DevConnect    stm32l4xx_ll_usb.o
    0x08012d32   0x08012d32   0x0000001e   Code   RO         3637    i.USB_DevDisconnect  stm32l4xx_ll_usb.o
    0x08012d50   0x08012d50   0x00000190   Code   RO         3638    i.USB_DevInit       stm32l4xx_ll_usb.o
    0x08012ee0   0x08012ee0   0x0000000e   Code   RO         3639    i.USB_DisableGlobalInt  stm32l4xx_ll_usb.o
    0x08012eee   0x08012eee   0x00000002   PAD
    0x08012ef0   0x08012ef0   0x00000184   Code   RO         3642    i.USB_EP0StartXfer  stm32l4xx_ll_usb.o
    0x08013074   0x08013074   0x00000032   Code   RO         3643    i.USB_EP0_OutStart  stm32l4xx_ll_usb.o
    0x080130a6   0x080130a6   0x00000088   Code   RO         3644    i.USB_EPClearStall  stm32l4xx_ll_usb.o
    0x0801312e   0x0801312e   0x0000008c   Code   RO         3645    i.USB_EPSetStall    stm32l4xx_ll_usb.o
    0x080131ba   0x080131ba   0x00000002   PAD
    0x080131bc   0x080131bc   0x000002a8   Code   RO         3646    i.USB_EPStartXfer   stm32l4xx_ll_usb.o
    0x08013464   0x08013464   0x0000000e   Code   RO         3647    i.USB_EnableGlobalInt  stm32l4xx_ll_usb.o
    0x08013472   0x08013472   0x00000002   PAD
    0x08013474   0x08013474   0x0000002c   Code   RO         3648    i.USB_FlushRxFifo   stm32l4xx_ll_usb.o
    0x080134a0   0x080134a0   0x00000030   Code   RO         3649    i.USB_FlushTxFifo   stm32l4xx_ll_usb.o
    0x080134d0   0x080134d0   0x0000000a   Code   RO         3653    i.USB_GetMode       stm32l4xx_ll_usb.o
    0x080134da   0x080134da   0x00000012   Code   RO         3660    i.USB_ReadDevAllInEpInterrupt  stm32l4xx_ll_usb.o
    0x080134ec   0x080134ec   0x00000012   Code   RO         3661    i.USB_ReadDevAllOutEpInterrupt  stm32l4xx_ll_usb.o
    0x080134fe   0x080134fe   0x00000032   Code   RO         3662    i.USB_ReadDevInEPInterrupt  stm32l4xx_ll_usb.o
    0x08013530   0x08013530   0x00000016   Code   RO         3663    i.USB_ReadDevOutEPInterrupt  stm32l4xx_ll_usb.o
    0x08013546   0x08013546   0x0000000c   Code   RO         3664    i.USB_ReadInterrupts  stm32l4xx_ll_usb.o
    0x08013552   0x08013552   0x00000028   Code   RO         3665    i.USB_ReadPacket    stm32l4xx_ll_usb.o
    0x0801357a   0x0801357a   0x00000030   Code   RO         3667    i.USB_SetCurrentMode  stm32l4xx_ll_usb.o
    0x080135aa   0x080135aa   0x00000024   Code   RO         3668    i.USB_SetDevAddress  stm32l4xx_ll_usb.o
    0x080135ce   0x080135ce   0x00000010   Code   RO         3669    i.USB_SetDevSpeed   stm32l4xx_ll_usb.o
    0x080135de   0x080135de   0x00000038   Code   RO         3672    i.USB_WritePacket   stm32l4xx_ll_usb.o
    0x08013616   0x08013616   0x00000002   PAD
    0x08013618   0x08013618   0x00000020   Code   RO        13025    i.__0printf         mc_w.l(printfa.o)
    0x08013638   0x08013638   0x00000028   Code   RO        13027    i.__0sprintf        mc_w.l(printfa.o)
    0x08013660   0x08013660   0x00000030   Code   RO        13109    i.__ARM_fpclassify  m_wm.l(fpclassify.o)
    0x08013690   0x08013690   0x00000c80   Code   RO        12761    i.__hardfp_pow      m_wm.l(pow.o)
    0x08014310   0x08014310   0x000000b0   Code   RO        12775    i.__hardfp_trunc    m_wm.l(trunc.o)
    0x080143c0   0x080143c0   0x000000f8   Code   RO        13111    i.__kernel_poly     m_wm.l(poly.o)
    0x080144b8   0x080144b8   0x00000030   Code   RO        13089    i.__mathlib_dbl_divzero  m_wm.l(dunder.o)
    0x080144e8   0x080144e8   0x00000014   Code   RO        13091    i.__mathlib_dbl_infnan2  m_wm.l(dunder.o)
    0x080144fc   0x080144fc   0x00000004   PAD
    0x08014500   0x08014500   0x00000020   Code   RO        13092    i.__mathlib_dbl_invalid  m_wm.l(dunder.o)
    0x08014520   0x08014520   0x00000020   Code   RO        13093    i.__mathlib_dbl_overflow  m_wm.l(dunder.o)
    0x08014540   0x08014540   0x00000020   Code   RO        13095    i.__mathlib_dbl_underflow  m_wm.l(dunder.o)
    0x08014560   0x08014560   0x0000000e   Code   RO        13189    i.__scatterload_copy  mc_w.l(handlers.o)
    0x0801456e   0x0801456e   0x00000002   Code   RO        13190    i.__scatterload_null  mc_w.l(handlers.o)
    0x08014570   0x08014570   0x0000000e   Code   RO        13191    i.__scatterload_zeroinit  mc_w.l(handlers.o)
    0x0801457e   0x0801457e   0x00000002   PAD
    0x08014580   0x08014580   0x0000000c   Code   RO        13153    i.__set_errno       mc_w.l(errno.o)
    0x0801458c   0x0801458c   0x0000018a   Code   RO        13032    i._fp_digits        mc_w.l(printfa.o)
    0x08014716   0x08014716   0x00000002   PAD
    0x08014718   0x08014718   0x000006e2   Code   RO        13033    i._printf_core      mc_w.l(printfa.o)
    0x08014dfa   0x08014dfa   0x00000024   Code   RO        13034    i._printf_post_padding  mc_w.l(printfa.o)
    0x08014e1e   0x08014e1e   0x0000002e   Code   RO        13035    i._printf_pre_padding  mc_w.l(printfa.o)
    0x08014e4c   0x08014e4c   0x0000000a   Code   RO        13037    i._sputc            mc_w.l(printfa.o)
    0x08014e56   0x08014e56   0x00000002   PAD
    0x08014e58   0x08014e58   0x00000098   Code   RO        12210    i.check_fs          ff.o
    0x08014ef0   0x08014ef0   0x00000014   Code   RO        12211    i.chk_chr           ff.o
    0x08014f04   0x08014f04   0x00000090   Code   RO        12212    i.chk_lock          ff.o
    0x08014f94   0x08014f94   0x00000030   Code   RO        12213    i.clear_lock        ff.o
    0x08014fc4   0x08014fc4   0x00000038   Code   RO        12214    i.clmt_clust        ff.o
    0x08014ffc   0x08014ffc   0x00000020   Code   RO        12215    i.clust2sect        ff.o
    0x0801501c   0x0801501c   0x00000090   Code   RO        12216    i.cmp_lfn           ff.o
    0x080150ac   0x080150ac   0x000000ea   Code   RO        12217    i.create_chain      ff.o
    0x08015196   0x08015196   0x00000002   PAD
    0x08015198   0x08015198   0x00000236   Code   RO        12218    i.create_name       ff.o
    0x080153ce   0x080153ce   0x00000002   PAD
    0x080153d0   0x080153d0   0x0000004c   Code   RO        12219    i.dec_lock          ff.o
    0x0801541c   0x0801541c   0x00000064   Code   RO        12220    i.dir_alloc         ff.o
    0x08015480   0x08015480   0x00000102   Code   RO        12221    i.dir_find          ff.o
    0x08015582   0x08015582   0x0000015a   Code   RO        12222    i.dir_next          ff.o
    0x080156dc   0x080156dc   0x00000150   Code   RO        12224    i.dir_register      ff.o
    0x0801582c   0x0801582c   0x000000c8   Code   RO        12226    i.dir_sdi           ff.o
    0x080158f4   0x080158f4   0x0000002c   Code   RO        12155    i.disk_initialize   diskio.o
    0x08015920   0x08015920   0x00000028   Code   RO        12156    i.disk_ioctl        diskio.o
    0x08015948   0x08015948   0x00000030   Code   RO        12157    i.disk_read         diskio.o
    0x08015978   0x08015978   0x0000001c   Code   RO        12158    i.disk_status       diskio.o
    0x08015994   0x08015994   0x00000030   Code   RO        12159    i.disk_write        diskio.o
    0x080159c4   0x080159c4   0x00000070   Code   RO        11651    i.enableAllSensors  main.o
    0x08015a34   0x08015a34   0x00000028   Code   RO        12227    i.enq_lock          ff.o
    0x08015a5c   0x08015a5c   0x0000002e   Code   RO        12229    i.f_close           ff.o
    0x08015a8a   0x08015a8a   0x00000002   PAD
    0x08015a8c   0x08015a8c   0x00000064   Code   RO        12236    i.f_mount           ff.o
    0x08015af0   0x08015af0   0x000001e0   Code   RO        12237    i.f_open            ff.o
    0x08015cd0   0x08015cd0   0x000000cc   Code   RO        12246    i.f_sync            ff.o
    0x08015d9c   0x08015d9c   0x0000025c   Code   RO        12250    i.f_write           ff.o
    0x08015ff8   0x08015ff8   0x00000018   Code   RO        13105    i.fabs              m_wm.l(fabs.o)
    0x08016010   0x08016010   0x0000004c   Code   RO        12677    i.ff_convert        unicode.o
    0x0801605c   0x0801605c   0x0000000c   Code   RO        12631    i.ff_memalloc       syscall.o
    0x08016068   0x08016068   0x0000000c   Code   RO        12632    i.ff_memfree        syscall.o
    0x08016074   0x08016074   0x00000038   Code   RO        12678    i.ff_wtoupper       unicode.o
    0x080160ac   0x080160ac   0x000003e2   Code   RO        12251    i.find_volume       ff.o
    0x0801648e   0x0801648e   0x00000002   PAD
    0x08016490   0x08016490   0x00000080   Code   RO        12252    i.fit_lfn           ff.o
    0x08016510   0x08016510   0x000000b8   Code   RO        11519    i.floatToInt        datalog_application.o
    0x080165c8   0x080165c8   0x0000009c   Code   RO        12253    i.follow_path       ff.o
    0x08016664   0x08016664   0x00000012   Code   RO        13140    i.fputc             mc_w.l(fputc.o)
    0x08016676   0x08016676   0x00000002   PAD
    0x08016678   0x08016678   0x00000050   Code   RO        13053    i.free              mc_w.l(malloc.o)
    0x080166c8   0x080166c8   0x000000ba   Code   RO        12254    i.gen_numname       ff.o
    0x08016782   0x08016782   0x000000ee   Code   RO        12255    i.get_fat           ff.o
    0x08016870   0x08016870   0x00000048   Code   RO        12257    i.get_ldnumber      ff.o
    0x080168b8   0x080168b8   0x000000e8   Code   RO        12258    i.inc_lock          ff.o
    0x080169a0   0x080169a0   0x000000d4   Code   RO        11652    i.initializeAllSensors  main.o
    0x08016a74   0x08016a74   0x00000022   Code   RO        12259    i.ld_clust          ff.o
    0x08016a96   0x08016a96   0x00000002   PAD
    0x08016a98   0x08016a98   0x00000198   Code   RO        11653    i.main              main.o
    0x08016c30   0x08016c30   0x0000006c   Code   RO        13054    i.malloc            mc_w.l(malloc.o)
    0x08016c9c   0x08016c9c   0x00000026   Code   RO        12260    i.mem_cmp           ff.o
    0x08016cc2   0x08016cc2   0x0000001a   Code   RO        12261    i.mem_cpy           ff.o
    0x08016cdc   0x08016cdc   0x00000014   Code   RO        12262    i.mem_set           ff.o
    0x08016cf0   0x08016cf0   0x00000038   Code   RO        12263    i.move_window       ff.o
    0x08016d28   0x08016d28   0x00000146   Code   RO        12265    i.put_fat           ff.o
    0x08016e6e   0x08016e6e   0x0000007a   Code   RO        12267    i.remove_chain      ff.o
    0x08016ee8   0x08016ee8   0x0000006e   Code   RO        13116    i.sqrt              m_wm.l(sqrt.o)
    0x08016f56   0x08016f56   0x00000010   Code   RO        12268    i.st_clust          ff.o
    0x08016f66   0x08016f66   0x00000020   Code   RO        12269    i.sum_sfn           ff.o
    0x08016f86   0x08016f86   0x000000f4   Code   RO        12270    i.sync_fs           ff.o
    0x0801707a   0x0801707a   0x00000060   Code   RO        12271    i.sync_window       ff.o
    0x080170da   0x080170da   0x00000042   Code   RO        12272    i.validate          ff.o
    0x0801711c   0x0801711c   0x00000048   Data   RO         4215    .constdata          system_stm32l4xx.o
    0x08017164   0x08017164   0x00000004   PAD
    0x08017168   0x08017168   0x00000060   Data   RO         5570    .constdata          lsm303agr_acc_driver.o
    0x080171c8   0x080171c8   0x00000040   Data   RO         9584    .constdata          stc3115_driver.o
    0x08017208   0x08017208   0x00000008   Data   RO         9773    .constdata          sensortile.o
    0x08017210   0x08017210   0x000000ba   Data   RO        12274    .constdata          ff.o
    0x080172ca   0x080172ca   0x000004c0   Data   RO        12679    .constdata          unicode.o
    0x0801778a   0x0801778a   0x00000002   PAD
    0x0801778c   0x0801778c   0x00000014   Data   RO        12717    .constdata          sd_diskio.o
    0x080177a0   0x080177a0   0x00000088   Data   RO        12764    .constdata          m_wm.l(pow.o)
    0x08017828   0x08017828   0x00000008   Data   RO        13113    .constdata          m_wm.l(qnan.o)
    0x08017830   0x08017830   0x000000a0   Data   RO        11521    .conststring        datalog_application.o
    0x080178d0   0x080178d0   0x00000020   Data   RO        13187    Region$$Table       anon$$obj.o


    Execution Region RW_IRAM1 (Exec base: 0x20000000, Load base: 0x080178f0, Size: 0x00006d00, Max: 0x00018000, ABSOLUTE, COMPRESSED[0x00000350])

    Exec Addr    Load Addr    Size         Type   Attr      Idx    E Section Name        Object

    0x20000000   COMPRESSED   0x00000001   Data   RW          313    .data               usbd_ctlreq.o
    0x20000001   COMPRESSED   0x00000003   PAD
    0x20000004   COMPRESSED   0x00000004   Data   RW          483    .data               stm32l4xx_hal.o
    0x20000008   COMPRESSED   0x00000004   Data   RW         4216    .data               system_stm32l4xx.o
    0x2000000c   COMPRESSED   0x0000006c   Data   RW         4522    .data               hts221_driver_hl.o
    0x20000078   COMPRESSED   0x000000e8   Data   RW         5151    .data               lps22hb_driver_hl.o
    0x20000160   COMPRESSED   0x00000136   Data   RW         7098    .data               lsm6dsm_acc_gyro_driver_hl.o
    0x20000296   COMPRESSED   0x00000002   PAD
    0x20000298   COMPRESSED   0x00000052   Data   RW         9313    .data               lsm303agr_acc_driver_hl.o
    0x200002ea   COMPRESSED   0x00000002   PAD
    0x200002ec   COMPRESSED   0x00000048   Data   RW         9459    .data               lsm303agr_mag_driver_hl.o
    0x20000334   COMPRESSED   0x0000005c   Data   RW         9585    .data               stc3115_driver.o
    0x20000390   COMPRESSED   0x00000010   Data   RW         9774    .data               sensortile.o
    0x200003a0   COMPRESSED   0x00000010   Data   RW        10065    .data               sensortile_accelero.o
    0x200003b0   COMPRESSED   0x00000010   Data   RW        10437    .data               sensortile_gyro.o
    0x200003c0   COMPRESSED   0x0000000c   Data   RW        10603    .data               sensortile_humidity.o
    0x200003cc   COMPRESSED   0x0000000c   Data   RW        10743    .data               sensortile_magneto.o
    0x200003d8   COMPRESSED   0x0000000c   Data   RW        10903    .data               sensortile_pressure.o
    0x200003e4   COMPRESSED   0x00000008   Data   RW        11039    .data               sensortile_temperature.o
    0x200003ec   COMPRESSED   0x00000002   Data   RW        11167    .data               sensortile_sd.o
    0x200003ee   COMPRESSED   0x00000002   PAD
    0x200003f0   COMPRESSED   0x00000008   Data   RW        11261    .data               sensortile_gg.o
    0x200003f8   COMPRESSED   0x00000110   Data   RW        11381    .data               usbd_cdc.o
    0x20000508   COMPRESSED   0x00000018   Data   RW        11522    .data               datalog_application.o
    0x20000520   COMPRESSED   0x0000002c   Data   RW        11655    .data               main.o
    0x2000054c   COMPRESSED   0x00000028   Data   RW        11830    .data               usbd_cdc_interface.o
    0x20000574   COMPRESSED   0x0000004e   Data   RW        12088    .data               usbd_desc.o
    0x200005c2   COMPRESSED   0x00000002   PAD
    0x200005c4   COMPRESSED   0x00000006   Data   RW        12275    .data               ff.o
    0x200005ca   COMPRESSED   0x00000001   Data   RW        12718    .data               sd_diskio.o
    0x200005cb   COMPRESSED   0x00000001   PAD
    0x200005cc   COMPRESSED   0x00000004   Data   RW        13142    .data               mc_w.l(stdout.o)
    0x200005d0   COMPRESSED   0x00000004   Data   RW        13149    .data               mc_w.l(mvars.o)
    0x200005d4   COMPRESSED   0x00000004   Data   RW        13150    .data               mc_w.l(mvars.o)
    0x200005d8   COMPRESSED   0x00000004   Data   RW        13154    .data               mc_w.l(errno.o)
    0x200005dc        -       0x00000114   Zero   RW         9772    .bss                sensortile.o
    0x200006f0        -       0x00000038   Zero   RW        10064    .bss                sensortile_accelero.o
    0x20000728        -       0x00000014   Zero   RW        10436    .bss                sensortile_gyro.o
    0x2000073c        -       0x00000014   Zero   RW        10602    .bss                sensortile_humidity.o
    0x20000750        -       0x00000014   Zero   RW        10742    .bss                sensortile_magneto.o
    0x20000764        -       0x00000014   Zero   RW        10902    .bss                sensortile_pressure.o
    0x20000778        -       0x00000038   Zero   RW        11038    .bss                sensortile_temperature.o
    0x200007b0        -       0x00000080   Zero   RW        11260    .bss                sensortile_gg.o
    0x20000830        -       0x0000055c   Zero   RW        11520    .bss                datalog_application.o
    0x20000d8c        -       0x00000248   Zero   RW        11654    .bss                main.o
    0x20000fd4        -       0x0000183c   Zero   RW        11829    .bss                usbd_cdc_interface.o
    0x20002810        -       0x000003cc   Zero   RW        11917    .bss                usbd_conf.o
    0x20002bdc        -       0x00000100   Zero   RW        12087    .bss                usbd_desc.o
    0x20002cdc        -       0x00000018   Zero   RW        12273    .bss                ff.o
    0x20002cf4        -       0x0000000c   Zero   RW        12585    .bss                ff_gen_drv.o
    0x20002d00        -       0x00002000   Zero   RW            2    HEAP                startup_stm32l476xx.o
    0x20004d00        -       0x00002000   Zero   RW            1    STACK               startup_stm32l476xx.o


==============================================================================

Image component sizes


      Code (inc. data)   RO Data    RW Data    ZI Data      Debug   Object Name

       224          4          0          0          0       1705   cube_hal_l4.o
      4000       1368        160         24       1372      19598   datalog_application.o
       208         24          0          0          0       4513   diskio.o
      7268        104        186          6         24      43046   ff.o
       102          6          0          0         12       1967   ff_gen_drv.o
      1226        186          0          0          0      16056   hts221_driver.o
      1364         12          0        108          0      34570   hts221_driver_hl.o
      1552          0          0          0          0      31904   lps22hb_driver.o
      2408         54          0        232          0      46971   lps22hb_driver_hl.o
      1218          4         96          0          0      33705   lsm303agr_acc_driver.o
      2294        146          0         82          0      27451   lsm303agr_acc_driver_hl.o
       528          0          0          0          0      17319   lsm303agr_mag_driver.o
       934         32          0         72          0      19229   lsm303agr_mag_driver_hl.o
      3486          0          0          0          0      58317   lsm6dsm_acc_gyro_driver.o
      6540        400          0        310          0     113918   lsm6dsm_acc_gyro_driver_hl.o
       888        186          0         44        584       5757   main.o
       260         16         20          1          0       5156   sd_diskio.o
      3456        250          8         16        276      37327   sensortile.o
       974         46          0         16         56      19384   sensortile_accelero.o
       296         18          0          8        128       9069   sensortile_gg.o
       566         20          0         16         20       9341   sensortile_gyro.o
       464         22          0         12         20       9448   sensortile_humidity.o
       566         20          0         12         20      10363   sensortile_magneto.o
       556         20          0         12         20      11243   sensortile_pressure.o
      1610         24          0          2          0      14518   sensortile_sd.o
       744         42          0          8         56       9748   sensortile_temperature.o
        36          8        392          0      16384        912   startup_stm32l476xx.o
      2268          4         64         92          0      30070   stc3115_driver.o
       136         20          0          4          0       5453   stm32l4xx_hal.o
       304         22          0          0          0      31663   stm32l4xx_hal_cortex.o
       558         40          0          0          0       3459   stm32l4xx_hal_gpio.o
      1926         24          0          0          0      15512   stm32l4xx_hal_i2c.o
        44          6          0          0          0        970   stm32l4xx_hal_msp.o
      3148         44          0          0          0      12517   stm32l4xx_hal_pcd.o
       156          4          0          0          0       4365   stm32l4xx_hal_pcd_ex.o
        20          6          0          0          0        647   stm32l4xx_hal_pwr.o
        56         18          0          0          0       1974   stm32l4xx_hal_pwr_ex.o
      2652         80          0          0          0       6502   stm32l4xx_hal_rcc.o
      2208         52          0          0          0       5671   stm32l4xx_hal_rcc_ex.o
      1156         24          0          0          0       8326   stm32l4xx_hal_rtc.o
      1884          0          0          0          0      10046   stm32l4xx_hal_spi.o
       690         32          0          0          0       7290   stm32l4xx_hal_tim.o
         4          0          0          0          0       1986   stm32l4xx_hal_tim_ex.o
        58         12          0          0          0       3836   stm32l4xx_it.o
      2836         52          0          0          0      22792   stm32l4xx_ll_usb.o
        24          0          0          0          0       2027   syscall.o
        84         16         72          4          0       1461   system_stm32l4xx.o
       132         16       1216          0          0       2399   unicode.o
       670         30          0        272          0      14181   usbd_cdc.o
       500         64          0         40       6204       6320   usbd_cdc_interface.o
       698         10          0          0        972      16275   usbd_conf.o
       792          0          0          0          0     862805   usbd_core.o
      1584         30          0          1          0      12404   usbd_ctlreq.o
       350        128          0         78        256       7454   usbd_desc.o
       174          0          0          0          0       5436   usbd_ioreq.o

    ----------------------------------------------------------------------
     68978       3746       2252       1484      26404    1716376   Object Totals
         0          0         32          0          0          0   (incl. Generated)
        98          0          6         12          0          0   (incl. Padding)

    ----------------------------------------------------------------------

      Code (inc. data)   RO Data    RW Data    ZI Data      Debug   Library Member Name

       164         44          0          0          0        620   dunder.o
        24          0          0          0          0        124   fabs.o
        48          0          0          0          0        124   fpclassify.o
       248          0          0          0          0        152   poly.o
      3200        296        136          0          0        352   pow.o
         0          0          8          0          0          0   qnan.o
       110          0          0          0          0        148   sqrt.o
       176         22          0          0          0        156   trunc.o
        86          0          0          0          0          0   __dczerorl2.o
         0          0          0          0          0          0   entry.o
         0          0          0          0          0          0   entry10a.o
         0          0          0          0          0          0   entry11a.o
         8          4          0          0          0          0   entry2.o
         4          0          0          0          0          0   entry5.o
         0          0          0          0          0          0   entry7b.o
         0          0          0          0          0          0   entry8b.o
         8          4          0          0          0          0   entry9a.o
        12          6          0          4          0         68   errno.o
        18          0          0          0          0         80   fputc.o
        30          0          0          0          0          0   handlers.o
        36          8          0          0          0         68   init.o
         0          0          0          0          0          0   iusefp.o
         0          0          0          0          0          0   iusesemip.o
        98          0          0          0          0         84   ldiv.o
        30          0          0          0          0         68   llshl.o
        36          0          0          0          0         68   llsshr.o
        32          0          0          0          0         68   llushr.o
       188         20          0          0          0        160   malloc.o
        36          0          0          0          0         68   memcpya.o
        36          0          0          0          0        108   memseta.o
         0          0          0          8          0          0   mvars.o
      2320         96          0          0          0        604   printfa.o
         0          0          0          0          0          0   semi.o
         0          0          0          4          0          0   stdout.o
        14          0          0          0          0         68   strlen.o
        44          0          0          0          0         80   uidiv.o
       104          0          0          0          0         92   uldiv.o
        48          0          0          0          0         68   cdcmple.o
        48          0          0          0          0         68   cdrcmple.o
       350          0          0          0          0        148   dadd.o
       222          0          0          0          0        100   ddiv.o
       186          0          0          0          0        176   depilogue.o
        62          0          0          0          0         80   dfixi.o
        48          0          0          0          0         68   dfixul.o
        34          0          0          0          0         76   dflti.o
       234          0          0          0          0         96   dmul.o
       136          4          0          0          0         92   drnd.o
        46          0          0          0          0         80   dscalb.o
       162          0          0          0          0        100   dsqrt.o
        38          0          0          0          0         68   f2d.o

    ----------------------------------------------------------------------
      8738        504        144         16          0       4580   Library Totals
        14          0          0          0          0          0   (incl. Padding)

    ----------------------------------------------------------------------

      Code (inc. data)   RO Data    RW Data    ZI Data      Debug   Library Name

      3970        362        144          0          0       1676   m_wm.l
      3140        138          0         16          0       1684   mc_w.l
      1614          4          0          0          0       1220   mf_w.l

    ----------------------------------------------------------------------
      8738        504        144         16          0       4580   Library Totals

    ----------------------------------------------------------------------

==============================================================================


      Code (inc. data)   RO Data    RW Data    ZI Data      Debug   

     77716       4250       2396       1500      26404    1639480   Grand Totals
     77716       4250       2396        848      26404    1639480   ELF Image Totals (compressed)
     77716       4250       2396        848          0          0   ROM Totals

==============================================================================

    Total RO  Size (Code + RO Data)                80112 (  78.23kB)
    Total RW  Size (RW Data + ZI Data)             27904 (  27.25kB)
    Total ROM Size (Code + RO Data + RW Data)      80960 (  79.06kB)

==============================================================================

