<html>
<body>
<pre>
<h1>µVision Build Log</h1>
<h2>Tool Versions:</h2>
IDE-Version: µVision V5.24.2.0
Copyright (C) 2017 ARM Ltd and ARM Germany GmbH. All rights reserved.
License Information: UW Stout, UW Stout, LIC=CRMHL-0ARFK-FZKWU-S4G7Z-8GH9R-F47XU
 
Tool Versions:
Toolchain:       MDK-ARM Professional  Version: 5.24.1
Toolchain Path:  C:\Keil_v5\ARM\ARMCC\Bin
C Compiler:      Armcc.exe V5.06 update 5 (build 528)
Assembler:       Armasm.exe V5.06 update 5 (build 528)
Linker/Locator:  ArmLink.exe V5.06 update 5 (build 528)
Library Manager: ArmAr.exe V5.06 update 5 (build 528)
Hex Converter:   FromElf.exe V5.06 update 5 (build 528)
CPU DLL:         SARMCM3.DLL V5.24.1
Dialog DLL:      DCM.DLL V1.16.0.0
Target DLL:      STLink\ST-LINKIII-KEIL_SWO.dll V3.0.1.0
Dialog DLL:      TCM.DLL V1.32.0.0
 
<h2>Project:</h2>
C:\Teaching_Materials\CEE-445 Fall 2019\SensorTile\en.stsw-stlkt01\v1.2.0\Projects\SensorTile\Applications\DataLog\MDK-ARM\Project.uvprojx
Project File Date:  07/23/2019

<h2>Output:</h2>
*** Using Compiler 'V5.06 update 5 (build 528)', folder: 'C:\Keil_v5\ARM\ARMCC\Bin'
Rebuild target 'DataLog_STM32L476RG_SensorTile'
assembling startup_stm32l476xx.s...
compiling usbd_ctlreq.c...
compiling usbd_ioreq.c...
compiling usbd_core.c...
compiling stm32l4xx_hal_cortex.c...
compiling stm32l4xx_hal.c...
compiling stm32l4xx_hal_dma.c...
compiling stm32l4xx_hal_i2c_ex.c...
compiling stm32l4xx_hal_gpio.c...
compiling stm32l4xx_hal_i2c.c...
compiling stm32l4xx_hal_pwr.c...
compiling stm32l4xx_hal_pwr_ex.c...
compiling stm32l4xx_hal_rcc.c...
compiling stm32l4xx_hal_rtc.c...
compiling stm32l4xx_hal_rtc_ex.c...
compiling stm32l4xx_hal_rcc_ex.c...
compiling stm32l4xx_hal_spi_ex.c...
compiling stm32l4xx_hal_spi.c...
compiling stm32l4xx_hal_tim.c...
compiling stm32l4xx_ll_usb.c...
compiling stm32l4xx_hal_tim_ex.c...
compiling stm32l4xx_hal_pcd.c...
compiling HTS221_Driver.c...
compiling HTS221_Driver_HL.c...
compiling LPS22HB_Driver.c...
compiling LPS22HB_Driver_HL.c...
compiling LSM303AGR_ACC_driver.c...
compiling LSM303AGR_MAG_driver.c...
compiling LSM6DSM_ACC_GYRO_driver_HL.c...
compiling LSM6DSM_ACC_GYRO_driver.c...
compiling LSM303AGR_ACC_driver_HL.c...
compiling LSM303AGR_MAG_driver_HL.c...
compiling STC3115_Driver.c...
compiling system_stm32l4xx.c...
compiling stm32l4xx_hal_pcd_ex.c...
compiling SensorTile.c...
compiling SensorTile_gyro.c...
compiling SensorTile_accelero.c...
compiling SensorTile_humidity.c...
compiling SensorTile_magneto.c...
compiling SensorTile_pressure.c...
compiling SensorTile_temperature.c...
compiling SensorTile_sd.c...
compiling SensorTile_gg.c...
compiling usbd_cdc.c...
compiling cube_hal_l4.c...
compiling datalog_application.c...
compiling main.c...
compiling stm32l4xx_hal_msp.c...
compiling stm32l4xx_it.c...
compiling usbd_cdc_interface.c...
compiling usbd_conf.c...
compiling usbd_desc.c...
compiling diskio.c...
compiling ff_gen_drv.c...
compiling syscall.c...
compiling ff.c...
compiling sd_diskio.c...
compiling unicode.c...
linking...
Program Size: Code=77716 RO-data=2396 RW-data=1500 ZI-data=26404  
FromELF: creating hex file...
After Build - User command #1: C:\Keil_v5\\ARM\ARMCC\bin\fromelf.exe --bin --output=STM32L476JG_SensorTile.bin .\STM32L476RG_NUCLEO\STM32L476JG_SensorTile.axf
".\STM32L476RG_NUCLEO\STM32L476JG_SensorTile.axf" - 0 Error(s), 0 Warning(s).

<h2>Software Packages used:</h2>

Package Vendor: ARM
                http://www.keil.com/pack/ARM.CMSIS.5.3.0.pack
                ARM.CMSIS.5.3.0
                CMSIS (Cortex Microcontroller Software Interface Standard)
   * Component: CORE Version: 5.1.1

Package Vendor: Keil
                http://www.keil.com/pack/Keil.STM32L4xx_DFP.2.0.0.pack
                Keil.STM32L4xx_DFP.2.0.0
                STMicroelectronics STM32L4 Series Device Support, Drivers and Examples

<h2>Collection of Component include folders:</h2>
  .\RTE\_DataLog_STM32L476RG_SensorTile
  C:\Keil_v5\ARM\PACK\ARM\CMSIS\5.3.0\CMSIS\Include
  C:\Keil_v5\ARM\PACK\Keil\STM32L4xx_DFP\2.0.0\Drivers\CMSIS\Device\ST\STM32L4xx\Include

<h2>Collection of Component Files used:</h2>

   * Component: ARM::CMSIS:CORE:5.1.1
Build Time Elapsed:  00:02:19
</pre>
</body>
</html>
